Archive member included to satisfy reference by file (symbol)

c:/st/eclipse/plugins/fr.ac6.mcu.externaltools.arm-none.win32_1.13.2.201703061525/tools/compiler/bin/../lib/gcc/arm-none-eabi/5.4.1/armv7e-m/fpu\libgcc.a(_arm_addsubdf3.o)
                              Src/main.o (__aeabi_ui2d)
c:/st/eclipse/plugins/fr.ac6.mcu.externaltools.arm-none.win32_1.13.2.201703061525/tools/compiler/bin/../lib/gcc/arm-none-eabi/5.4.1/armv7e-m/fpu\libgcc.a(_arm_muldivdf3.o)
                              Src/main.o (__aeabi_dmul)
c:/st/eclipse/plugins/fr.ac6.mcu.externaltools.arm-none.win32_1.13.2.201703061525/tools/compiler/bin/../lib/gcc/arm-none-eabi/5.4.1/armv7e-m/fpu\libgcc.a(_arm_cmpdf2.o)
                              Src/main.o (__aeabi_dcmple)
c:/st/eclipse/plugins/fr.ac6.mcu.externaltools.arm-none.win32_1.13.2.201703061525/tools/compiler/bin/../lib/gcc/arm-none-eabi/5.4.1/armv7e-m/fpu\libgcc.a(_arm_truncdfsf2.o)
                              Src/main.o (__aeabi_d2f)
c:/st/eclipse/plugins/fr.ac6.mcu.externaltools.arm-none.win32_1.13.2.201703061525/tools/compiler/bin/../lib/gcc/arm-none-eabi/5.4.1/../../../../arm-none-eabi/lib/armv7e-m/fpu\libc_nano.a(lib_a-exit.o)
                              c:/st/eclipse/plugins/fr.ac6.mcu.externaltools.arm-none.win32_1.13.2.201703061525/tools/compiler/bin/../lib/gcc/arm-none-eabi/5.4.1/../../../../arm-none-eabi/lib/armv7e-m/fpu/crt0.o (exit)
c:/st/eclipse/plugins/fr.ac6.mcu.externaltools.arm-none.win32_1.13.2.201703061525/tools/compiler/bin/../lib/gcc/arm-none-eabi/5.4.1/../../../../arm-none-eabi/lib/armv7e-m/fpu\libc_nano.a(lib_a-impure.o)
                              c:/st/eclipse/plugins/fr.ac6.mcu.externaltools.arm-none.win32_1.13.2.201703061525/tools/compiler/bin/../lib/gcc/arm-none-eabi/5.4.1/../../../../arm-none-eabi/lib/armv7e-m/fpu\libc_nano.a(lib_a-exit.o) (_global_impure_ptr)
c:/st/eclipse/plugins/fr.ac6.mcu.externaltools.arm-none.win32_1.13.2.201703061525/tools/compiler/bin/../lib/gcc/arm-none-eabi/5.4.1/../../../../arm-none-eabi/lib/armv7e-m/fpu\libc_nano.a(lib_a-init.o)
                              c:/st/eclipse/plugins/fr.ac6.mcu.externaltools.arm-none.win32_1.13.2.201703061525/tools/compiler/bin/../lib/gcc/arm-none-eabi/5.4.1/../../../../arm-none-eabi/lib/armv7e-m/fpu/crt0.o (__libc_init_array)
c:/st/eclipse/plugins/fr.ac6.mcu.externaltools.arm-none.win32_1.13.2.201703061525/tools/compiler/bin/../lib/gcc/arm-none-eabi/5.4.1/../../../../arm-none-eabi/lib/armv7e-m/fpu\libc_nano.a(lib_a-memcpy-stub.o)
                              Middlewares/Third_Party/FreeRTOS/Source/queue.o (memcpy)
c:/st/eclipse/plugins/fr.ac6.mcu.externaltools.arm-none.win32_1.13.2.201703061525/tools/compiler/bin/../lib/gcc/arm-none-eabi/5.4.1/../../../../arm-none-eabi/lib/armv7e-m/fpu\libc_nano.a(lib_a-memset.o)
                              c:/st/eclipse/plugins/fr.ac6.mcu.externaltools.arm-none.win32_1.13.2.201703061525/tools/compiler/bin/../lib/gcc/arm-none-eabi/5.4.1/../../../../arm-none-eabi/lib/armv7e-m/fpu/crt0.o (memset)
c:/st/eclipse/plugins/fr.ac6.mcu.externaltools.arm-none.win32_1.13.2.201703061525/tools/compiler/bin/../lib/gcc/arm-none-eabi/5.4.1/../../../../arm-none-eabi/lib/armv7e-m/fpu\libnosys.a(_exit.o)
                              c:/st/eclipse/plugins/fr.ac6.mcu.externaltools.arm-none.win32_1.13.2.201703061525/tools/compiler/bin/../lib/gcc/arm-none-eabi/5.4.1/../../../../arm-none-eabi/lib/armv7e-m/fpu\libc_nano.a(lib_a-exit.o) (_exit)

Allocating common symbols
Common symbol       size              file

ccr                 0x4               Src/main.o
descendo            0x4               Src/main.o
hdma_usart2_rx      0x60              Src/main.o
myMutex03Handle     0x4               Src/main.o
w                   0x4               Src/main.o
valor               0x4               Src/main.o
msg                 0x4e20            Src/main.o
uwTick              0x4               Drivers/STM32F4xx_HAL_Driver/Src/stm32f4xx_hal.o
xQueueRegistry      0x40              Middlewares/Third_Party/FreeRTOS/Source/queue.o
pFlash              0x20              Drivers/STM32F4xx_HAL_Driver/Src/stm32f4xx_hal_flash.o
htim3               0x3c              Src/main.o
hadc1               0x48              Src/main.o
Serial_InHandle     0x4               Src/main.o
myMutex04Handle     0x4               Src/main.o
hdma_usart2_tx      0x60              Src/main.o
i                   0x4               Src/main.o
tempo2aux           0x4               Src/main.o
tempo1aux           0x4               Src/main.o
subindo             0x4               Src/main.o
hdma_adc1           0x60              Src/main.o
tempo2              0x4               Src/main.o
receive             0x3               Src/main.o
inicioDePulso       0x4               Src/main.o
htim2               0x3c              Src/main.o
huart2              0x40              Src/main.o
LedsHandle          0x4               Src/main.o
[...]
Memory Configuration

Name             Origin             Length             Attributes
RAM              0x20000000         0x00020000         xrw
FLASH            0x08000000         0x00080000         xr
*default*        0x00000000         0xffffffff

Linker script and memory map

LOAD c:/st/eclipse/plugins/fr.ac6.mcu.externaltools.arm-none.win32_1.13.2.201703061525/tools/compiler/bin/../lib/gcc/arm-none-eabi/5.4.1/armv7e-m/fpu/crti.o
LOAD c:/st/eclipse/plugins/fr.ac6.mcu.externaltools.arm-none.win32_1.13.2.201703061525/tools/compiler/bin/../lib/gcc/arm-none-eabi/5.4.1/armv7e-m/fpu/crtbegin.o
LOAD c:/st/eclipse/plugins/fr.ac6.mcu.externaltools.arm-none.win32_1.13.2.201703061525/tools/compiler/bin/../lib/gcc/arm-none-eabi/5.4.1/../../../../arm-none-eabi/lib/armv7e-m/fpu/crt0.o
LOAD c:/st/eclipse/plugins/fr.ac6.mcu.externaltools.arm-none.win32_1.13.2.201703061525/tools/compiler/bin/../lib/gcc/arm-none-eabi/5.4.1/../../../../arm-none-eabi/lib/armv7e-m/fpu\libm.a
LOAD Drivers/STM32F4xx_HAL_Driver/Src/stm32f4xx_hal.o
LOAD Drivers/STM32F4xx_HAL_Driver/Src/stm32f4xx_hal_adc.o
LOAD Drivers/STM32F4xx_HAL_Driver/Src/stm32f4xx_hal_adc_ex.o
LOAD Drivers/STM32F4xx_HAL_Driver/Src/stm32f4xx_hal_cortex.o
LOAD Drivers/STM32F4xx_HAL_Driver/Src/stm32f4xx_hal_dma.o
LOAD Drivers/STM32F4xx_HAL_Driver/Src/stm32f4xx_hal_dma_ex.o
LOAD Drivers/STM32F4xx_HAL_Driver/Src/stm32f4xx_hal_flash.o
LOAD Drivers/STM32F4xx_HAL_Driver/Src/stm32f4xx_hal_flash_ex.o
LOAD Drivers/STM32F4xx_HAL_Driver/Src/stm32f4xx_hal_flash_ramfunc.o
LOAD Drivers/STM32F4xx_HAL_Driver/Src/stm32f4xx_hal_gpio.o
LOAD Drivers/STM32F4xx_HAL_Driver/Src/stm32f4xx_hal_pwr.o
LOAD Drivers/STM32F4xx_HAL_Driver/Src/stm32f4xx_hal_pwr_ex.o
LOAD Drivers/STM32F4xx_HAL_Driver/Src/stm32f4xx_hal_rcc.o
LOAD Drivers/STM32F4xx_HAL_Driver/Src/stm32f4xx_hal_rcc_ex.o
LOAD Drivers/STM32F4xx_HAL_Driver/Src/stm32f4xx_hal_tim.o
LOAD Drivers/STM32F4xx_HAL_Driver/Src/stm32f4xx_hal_tim_ex.o
LOAD Drivers/STM32F4xx_HAL_Driver/Src/stm32f4xx_hal_uart.o
LOAD Middlewares/Third_Party/FreeRTOS/Source/CMSIS_RTOS/cmsis_os.o
LOAD Middlewares/Third_Party/FreeRTOS/Source/croutine.o
LOAD Middlewares/Third_Party/FreeRTOS/Source/event_groups.o
LOAD Middlewares/Third_Party/FreeRTOS/Source/list.o
LOAD Middlewares/Third_Party/FreeRTOS/Source/queue.o
LOAD Middlewares/Third_Party/FreeRTOS/Source/tasks.o
LOAD Middlewares/Third_Party/FreeRTOS/Source/timers.o
LOAD Middlewares/Third_Party/FreeRTOS/Source/portable/GCC/ARM_CM4F/port.o
LOAD Middlewares/Third_Party/FreeRTOS/Source/portable/MemMang/heap_4.o
LOAD Src/freertos.o
LOAD Src/main.o
LOAD Src/stm32f4xx_hal_msp.o
LOAD Src/stm32f4xx_it.o
LOAD Src/system_stm32f4xx.o
LOAD startup/startup_stm32f411xe.o
START GROUP
LOAD c:/st/eclipse/plugins/fr.ac6.mcu.externaltools.arm-none.win32_1.13.2.201703061525/tools/compiler/bin/../lib/gcc/arm-none-eabi/5.4.1/armv7e-m/fpu\libgcc.a
LOAD c:/st/eclipse/plugins/fr.ac6.mcu.externaltools.arm-none.win32_1.13.2.201703061525/tools/compiler/bin/../lib/gcc/arm-none-eabi/5.4.1/../../../../arm-none-eabi/lib/armv7e-m/fpu\libc_nano.a
END GROUP
START GROUP
LOAD c:/st/eclipse/plugins/fr.ac6.mcu.externaltools.arm-none.win32_1.13.2.201703061525/tools/compiler/bin/../lib/gcc/arm-none-eabi/5.4.1/armv7e-m/fpu\libgcc.a
LOAD c:/st/eclipse/plugins/fr.ac6.mcu.externaltools.arm-none.win32_1.13.2.201703061525/tools/compiler/bin/../lib/gcc/arm-none-eabi/5.4.1/../../../../arm-none-eabi/lib/armv7e-m/fpu\libc_nano.a
LOAD c:/st/eclipse/plugins/fr.ac6.mcu.externaltools.arm-none.win32_1.13.2.201703061525/tools/compiler/bin/../lib/gcc/arm-none-eabi/5.4.1/../../../../arm-none-eabi/lib/armv7e-m/fpu\libnosys.a
END GROUP
START GROUP
LOAD c:/st/eclipse/plugins/fr.ac6.mcu.externaltools.arm-none.win32_1.13.2.201703061525/tools/compiler/bin/../lib/gcc/arm-none-eabi/5.4.1/armv7e-m/fpu\libgcc.a
LOAD c:/st/eclipse/plugins/fr.ac6.mcu.externaltools.arm-none.win32_1.13.2.201703061525/tools/compiler/bin/../lib/gcc/arm-none-eabi/5.4.1/../../../../arm-none-eabi/lib/armv7e-m/fpu\libc_nano.a
LOAD c:/st/eclipse/plugins/fr.ac6.mcu.externaltools.arm-none.win32_1.13.2.201703061525/tools/compiler/bin/../lib/gcc/arm-none-eabi/5.4.1/../../../../arm-none-eabi/lib/armv7e-m/fpu\libnosys.a
END GROUP
LOAD c:/st/eclipse/plugins/fr.ac6.mcu.externaltools.arm-none.win32_1.13.2.201703061525/tools/compiler/bin/../lib/gcc/arm-none-eabi/5.4.1/armv7e-m/fpu/crtend.o
LOAD c:/st/eclipse/plugins/fr.ac6.mcu.externaltools.arm-none.win32_1.13.2.201703061525/tools/compiler/bin/../lib/gcc/arm-none-eabi/5.4.1/armv7e-m/fpu/crtn.o
                0x20020000                _estack = 0x20020000
                0x00000200                _Min_Heap_Size = 0x200
                0x00000400                _Min_Stack_Size = 0x400

.isr_vector     0x08000000      0x198
                0x08000000                . = ALIGN (0x4)
 *(.isr_vector)
 .isr_vector    0x08000000      0x198 startup/startup_stm32f411xe.o
                0x08000000                g_pfnVectors
                0x08000198                . = ALIGN (0x4)

.text           0x08000198     0x50f8
                0x08000198                . = ALIGN (0x4)
 *(.text)
 .text          0x08000198       0x5c c:/st/eclipse/plugins/fr.ac6.mcu.externaltools.arm-none.win32_1.13.2.201703061525/tools/compiler/bin/../lib/gcc/arm-none-eabi/5.4.1/armv7e-m/fpu/crtbegin.o
 .text          0x080001f4      0x370 c:/st/eclipse/plugins/fr.ac6.mcu.externaltools.arm-none.win32_1.13.2.201703061525/tools/compiler/bin/../lib/gcc/arm-none-eabi/5.4.1/armv7e-m/fpu\libgcc.a(_arm_addsubdf3.o)
                0x080001f4                __aeabi_drsub
                0x080001fc                __aeabi_dsub
                0x080001fc                __subdf3
                0x08000200                __aeabi_dadd
                0x08000200                __adddf3
                0x08000478                __floatunsidf
                0x08000478                __aeabi_ui2d
                0x08000498                __floatsidf
                0x08000498                __aeabi_i2d
                0x080004bc                __aeabi_f2d
                0x080004bc                __extendsfdf2
                0x080004f8                __floatundidf
                0x080004f8                __aeabi_ul2d
                0x08000508                __floatdidf
                0x08000508                __aeabi_l2d
 .text          0x08000564      0x424 c:/st/eclipse/plugins/fr.ac6.mcu.externaltools.arm-none.win32_1.13.2.201703061525/tools/compiler/bin/../lib/gcc/arm-none-eabi/5.4.1/armv7e-m/fpu\libgcc.a(_arm_muldivdf3.o)
                0x08000564                __aeabi_dmul
                0x08000564                __muldf3
                0x080007b8                __divdf3
                0x080007b8                __aeabi_ddiv
 .text          0x08000988      0x110 c:/st/eclipse/plugins/fr.ac6.mcu.externaltools.arm-none.win32_1.13.2.201703061525/tools/compiler/bin/../lib/gcc/arm-none-eabi/5.4.1/armv7e-m/fpu\libgcc.a(_arm_cmpdf2.o)
                0x08000988                __gtdf2
                0x08000988                __gedf2
                0x08000990                __ltdf2
                0x08000990                __ledf2
                0x08000998                __nedf2
                0x08000998                __eqdf2
                0x08000998                __cmpdf2
                0x08000a14                __aeabi_cdrcmple
                0x08000a24                __aeabi_cdcmpeq
                0x08000a24                __aeabi_cdcmple
                0x08000a34                __aeabi_dcmpeq
                0x08000a48                __aeabi_dcmplt
                0x08000a5c                __aeabi_dcmple
                0x08000a70                __aeabi_dcmpge
                0x08000a84                __aeabi_dcmpgt
 .text          0x08000a98       0xa0 c:/st/eclipse/plugins/fr.ac6.mcu.externaltools.arm-none.win32_1.13.2.201703061525/tools/compiler/bin/../lib/gcc/arm-none-eabi/5.4.1/armv7e-m/fpu\libgcc.a(_arm_truncdfsf2.o)
                0x08000a98                __truncdfsf2
                0x08000a98                __aeabi_d2f
 *(.text*)
 .text.HAL_InitTick
                0x08000b38       0x2c Drivers/STM32F4xx_HAL_Driver/Src/stm32f4xx_hal.o
                0x08000b38                HAL_InitTick
 .text.HAL_Init
                0x08000b64       0x34 Drivers/STM32F4xx_HAL_Driver/Src/stm32f4xx_hal.o
                0x08000b64                HAL_Init
 .text.HAL_IncTick
                0x08000b98       0x10 Drivers/STM32F4xx_HAL_Driver/Src/stm32f4xx_hal.o
                0x08000b98                HAL_IncTick
 .text.HAL_GetTick
                0x08000ba8        0xc Drivers/STM32F4xx_HAL_Driver/Src/stm32f4xx_hal.o
                0x08000ba8                HAL_GetTick
 .text.ADC_Init
                0x08000bb4      0x138 Drivers/STM32F4xx_HAL_Driver/Src/stm32f4xx_hal_adc.o
 .text.HAL_ADC_Init
                0x08000cec       0x54 Drivers/STM32F4xx_HAL_Driver/Src/stm32f4xx_hal_adc.o
                0x08000cec                HAL_ADC_Init
 .text.HAL_ADC_Start_DMA
                0x08000d40      0x140 Drivers/STM32F4xx_HAL_Driver/Src/stm32f4xx_hal_adc.o
                0x08000d40                HAL_ADC_Start_DMA
 .text.ADC_DMAConvCplt
                0x08000e80       0x64 Drivers/STM32F4xx_HAL_Driver/Src/stm32f4xx_hal_adc.o
 .text.HAL_ADC_ConvHalfCpltCallback
                0x08000ee4        0x4 Drivers/STM32F4xx_HAL_Driver/Src/stm32f4xx_hal_adc.o
                0x08000ee4                HAL_ADC_ConvHalfCpltCallback
 .text.ADC_DMAHalfConvCplt
                0x08000ee8        0xc Drivers/STM32F4xx_HAL_Driver/Src/stm32f4xx_hal_adc.o
 .text.HAL_ADC_LevelOutOfWindowCallback
                0x08000ef4        0x4 Drivers/STM32F4xx_HAL_Driver/Src/stm32f4xx_hal_adc.o
                0x08000ef4                HAL_ADC_LevelOutOfWindowCallback
 .text.HAL_ADC_ErrorCallback
                0x08000ef8        0x4 Drivers/STM32F4xx_HAL_Driver/Src/stm32f4xx_hal_adc.o
                0x08000ef8                HAL_ADC_ErrorCallback
 .text.HAL_ADC_IRQHandler
                0x08000efc      0x14c Drivers/STM32F4xx_HAL_Driver/Src/stm32f4xx_hal_adc.o
                0x08000efc                HAL_ADC_IRQHandler
 .text.ADC_DMAError
                0x08001048       0x18 Drivers/STM32F4xx_HAL_Driver/Src/stm32f4xx_hal_adc.o
 .text.HAL_ADC_ConfigChannel
                0x08001060      0x190 Drivers/STM32F4xx_HAL_Driver/Src/stm32f4xx_hal_adc.o
                0x08001060                HAL_ADC_ConfigChannel
 .text.HAL_ADCEx_InjectedConvCpltCallback
                0x080011f0        0x4 Drivers/STM32F4xx_HAL_Driver/Src/stm32f4xx_hal_adc_ex.o
                0x080011f0                HAL_ADCEx_InjectedConvCpltCallback
 .text.HAL_NVIC_SetPriorityGrouping
                0x080011f4       0x24 Drivers/STM32F4xx_HAL_Driver/Src/stm32f4xx_hal_cortex.o
                0x080011f4                HAL_NVIC_SetPriorityGrouping
 .text.HAL_NVIC_SetPriority
                0x08001218       0x64 Drivers/STM32F4xx_HAL_Driver/Src/stm32f4xx_hal_cortex.o
                0x08001218                HAL_NVIC_SetPriority
 .text.HAL_NVIC_EnableIRQ
                0x0800127c       0x18 Drivers/STM32F4xx_HAL_Driver/Src/stm32f4xx_hal_cortex.o
                0x0800127c                HAL_NVIC_EnableIRQ
 .text.HAL_SYSTICK_Config
                0x08001294       0x2c Drivers/STM32F4xx_HAL_Driver/Src/stm32f4xx_hal_cortex.o
                0x08001294                HAL_SYSTICK_Config
 .text.HAL_SYSTICK_CLKSourceConfig
                0x080012c0       0x20 Drivers/STM32F4xx_HAL_Driver/Src/stm32f4xx_hal_cortex.o
                0x080012c0                HAL_SYSTICK_CLKSourceConfig
 .text.DMA_SetConfig
                0x080012e0       0x2c Drivers/STM32F4xx_HAL_Driver/Src/stm32f4xx_hal_dma.o
 .text.DMA_CalcBaseAndBitshift
                0x0800130c       0x3c Drivers/STM32F4xx_HAL_Driver/Src/stm32f4xx_hal_dma.o
 .text.DMA_CheckFifoParam
                0x08001348       0xa0 Drivers/STM32F4xx_HAL_Driver/Src/stm32f4xx_hal_dma.o
 .text.HAL_DMA_Init
                0x080013e8       0xcc Drivers/STM32F4xx_HAL_Driver/Src/stm32f4xx_hal_dma.o
                0x080013e8                HAL_DMA_Init
 .text.HAL_DMA_Start_IT
                0x080014b4       0x74 Drivers/STM32F4xx_HAL_Driver/Src/stm32f4xx_hal_dma.o
                0x080014b4                HAL_DMA_Start_IT
 .text.HAL_DMA_Abort_IT
                0x08001528       0x28 Drivers/STM32F4xx_HAL_Driver/Src/stm32f4xx_hal_dma.o
                0x08001528                HAL_DMA_Abort_IT
 .text.HAL_DMA_IRQHandler
                0x08001550      0x1e0 Drivers/STM32F4xx_HAL_Driver/Src/stm32f4xx_hal_dma.o
                0x08001550                HAL_DMA_IRQHandler
 .text.HAL_GPIO_Init
                0x08001730      0x19c Drivers/STM32F4xx_HAL_Driver/Src/stm32f4xx_hal_gpio.o
                0x08001730                HAL_GPIO_Init
 .text.HAL_GPIO_WritePin
                0x080018cc        0xc Drivers/STM32F4xx_HAL_Driver/Src/stm32f4xx_hal_gpio.o
                0x080018cc                HAL_GPIO_WritePin
 .text.HAL_GPIO_TogglePin
                0x080018d8        0x8 Drivers/STM32F4xx_HAL_Driver/Src/stm32f4xx_hal_gpio.o
                0x080018d8                HAL_GPIO_TogglePin
 .text.HAL_RCC_OscConfig
                0x080018e0      0x3c8 Drivers/STM32F4xx_HAL_Driver/Src/stm32f4xx_hal_rcc.o
                0x080018e0                HAL_RCC_OscConfig
 .text.HAL_RCC_GetSysClockFreq
                0x08001ca8       0xa4 Drivers/STM32F4xx_HAL_Driver/Src/stm32f4xx_hal_rcc.o
                0x08001ca8                HAL_RCC_GetSysClockFreq
 .text.HAL_RCC_ClockConfig
                0x08001d4c      0x1b0 Drivers/STM32F4xx_HAL_Driver/Src/stm32f4xx_hal_rcc.o
                0x08001d4c                HAL_RCC_ClockConfig
 .text.HAL_RCC_GetHCLKFreq
                0x08001efc        0xc Drivers/STM32F4xx_HAL_Driver/Src/stm32f4xx_hal_rcc.o
                0x08001efc                HAL_RCC_GetHCLKFreq
 .text.HAL_RCC_GetPCLK1Freq
                0x08001f08       0x30 Drivers/STM32F4xx_HAL_Driver/Src/stm32f4xx_hal_rcc.o
                0x08001f08                HAL_RCC_GetPCLK1Freq
 .text.HAL_RCC_GetPCLK2Freq
                0x08001f38       0x30 Drivers/STM32F4xx_HAL_Driver/Src/stm32f4xx_hal_rcc.o
                0x08001f38                HAL_RCC_GetPCLK2Freq
 .text.TIM_OC1_SetConfig
                0x08001f68       0x54 Drivers/STM32F4xx_HAL_Driver/Src/stm32f4xx_hal_tim.o
 .text.TIM_OC3_SetConfig
                0x08001fbc       0x58 Drivers/STM32F4xx_HAL_Driver/Src/stm32f4xx_hal_tim.o
 .text.TIM_OC4_SetConfig
                0x08002014       0x48 Drivers/STM32F4xx_HAL_Driver/Src/stm32f4xx_hal_tim.o
 .text.TIM_TI1_ConfigInputStage
                0x0800205c       0x28 Drivers/STM32F4xx_HAL_Driver/Src/stm32f4xx_hal_tim.o
 .text.TIM_TI2_ConfigInputStage
                0x08002084       0x28 Drivers/STM32F4xx_HAL_Driver/Src/stm32f4xx_hal_tim.o
 .text.TIM_ITRx_SetConfig
                0x080020ac       0x10 Drivers/STM32F4xx_HAL_Driver/Src/stm32f4xx_hal_tim.o
 .text.TIM_ETR_SetConfig
                0x080020bc       0x1c Drivers/STM32F4xx_HAL_Driver/Src/stm32f4xx_hal_tim.o
 .text.TIM_SlaveTimer_SetConfig
                0x080020d8       0x78 Drivers/STM32F4xx_HAL_Driver/Src/stm32f4xx_hal_tim.o
 .text.HAL_TIM_Base_Start
                0x08002150       0x1c Drivers/STM32F4xx_HAL_Driver/Src/stm32f4xx_hal_tim.o
                0x08002150                HAL_TIM_Base_Start
 .text.HAL_TIM_Base_Start_IT
                0x0800216c       0x18 Drivers/STM32F4xx_HAL_Driver/Src/stm32f4xx_hal_tim.o
                0x0800216c                HAL_TIM_Base_Start_IT
 .text.HAL_TIM_Base_Stop_IT
                0x08002184       0x2c Drivers/STM32F4xx_HAL_Driver/Src/stm32f4xx_hal_tim.o
                0x08002184                HAL_TIM_Base_Stop_IT
 .text.HAL_TIM_OC_MspInit
                0x080021b0        0x4 Drivers/STM32F4xx_HAL_Driver/Src/stm32f4xx_hal_tim.o
                0x080021b0                HAL_TIM_OC_MspInit
 .text.HAL_TIM_ConfigClockSource
                0x080021b4      0x114 Drivers/STM32F4xx_HAL_Driver/Src/stm32f4xx_hal_tim.o
                0x080021b4                HAL_TIM_ConfigClockSource
 .text.HAL_TIM_SlaveConfigSynchronization
                0x080022c8       0x40 Drivers/STM32F4xx_HAL_Driver/Src/stm32f4xx_hal_tim.o
                0x080022c8                HAL_TIM_SlaveConfigSynchronization
 .text.HAL_TIM_IC_CaptureCallback
                0x08002308        0x4 Drivers/STM32F4xx_HAL_Driver/Src/stm32f4xx_hal_tim.o
                0x08002308                HAL_TIM_IC_CaptureCallback
 .text.HAL_TIM_PWM_PulseFinishedCallback
                0x0800230c        0x4 Drivers/STM32F4xx_HAL_Driver/Src/stm32f4xx_hal_tim.o
                0x0800230c                HAL_TIM_PWM_PulseFinishedCallback
 .text.HAL_TIM_TriggerCallback
                0x08002310        0x4 Drivers/STM32F4xx_HAL_Driver/Src/stm32f4xx_hal_tim.o
                0x08002310                HAL_TIM_TriggerCallback
 .text.HAL_TIM_IRQHandler
                0x08002314      0x174 Drivers/STM32F4xx_HAL_Driver/Src/stm32f4xx_hal_tim.o
                0x08002314                HAL_TIM_IRQHandler
 .text.TIM_Base_SetConfig
                0x08002488       0xcc Drivers/STM32F4xx_HAL_Driver/Src/stm32f4xx_hal_tim.o
                0x08002488                TIM_Base_SetConfig
 .text.HAL_TIM_Base_Init
                0x08002554       0x38 Drivers/STM32F4xx_HAL_Driver/Src/stm32f4xx_hal_tim.o
                0x08002554                HAL_TIM_Base_Init
 .text.HAL_TIM_OC_Init
                0x0800258c       0x38 Drivers/STM32F4xx_HAL_Driver/Src/stm32f4xx_hal_tim.o
                0x0800258c                HAL_TIM_OC_Init
 .text.TIM_OC2_SetConfig
                0x080025c4       0x5c Drivers/STM32F4xx_HAL_Driver/Src/stm32f4xx_hal_tim.o
                0x080025c4                TIM_OC2_SetConfig
 .text.HAL_TIM_OC_ConfigChannel
                0x08002620       0x60 Drivers/STM32F4xx_HAL_Driver/Src/stm32f4xx_hal_tim.o
                0x08002620                HAL_TIM_OC_ConfigChannel
 .text.TIM_CCxChannelCmd
                0x08002680       0x20 Drivers/STM32F4xx_HAL_Driver/Src/stm32f4xx_hal_tim.o
                0x08002680                TIM_CCxChannelCmd
 .text.HAL_TIM_OC_Start_IT
                0x080026a0       0x74 Drivers/STM32F4xx_HAL_Driver/Src/stm32f4xx_hal_tim.o
                0x080026a0                HAL_TIM_OC_Start_IT
 .text.HAL_TIM_OC_Stop_IT
                0x08002714       0x9c Drivers/STM32F4xx_HAL_Driver/Src/stm32f4xx_hal_tim.o
                0x08002714                HAL_TIM_OC_Stop_IT
 .text.HAL_TIMEx_MasterConfigSynchronization
                0x080027b0       0x54 Drivers/STM32F4xx_HAL_Driver/Src/stm32f4xx_hal_tim_ex.o
                0x080027b0                HAL_TIMEx_MasterConfigSynchronization
 .text.HAL_TIMEx_CommutationCallback
                0x08002804        0x4 Drivers/STM32F4xx_HAL_Driver/Src/stm32f4xx_hal_tim_ex.o
                0x08002804                HAL_TIMEx_CommutationCallback
 .text.HAL_TIMEx_BreakCallback
                0x08002808        0x4 Drivers/STM32F4xx_HAL_Driver/Src/stm32f4xx_hal_tim_ex.o
                0x08002808                HAL_TIMEx_BreakCallback
 .text.UART_EndTxTransfer
                0x0800280c       0x14 Drivers/STM32F4xx_HAL_Driver/Src/stm32f4xx_hal_uart.o
 .text.UART_EndRxTransfer
                0x08002820       0x1c Drivers/STM32F4xx_HAL_Driver/Src/stm32f4xx_hal_uart.o
 .text.UART_Transmit_IT
                0x0800283c       0x6c Drivers/STM32F4xx_HAL_Driver/Src/stm32f4xx_hal_uart.o
 .text.UART_SetConfig
                0x080028a8      0x32c Drivers/STM32F4xx_HAL_Driver/Src/stm32f4xx_hal_uart.o
 .text.HAL_UART_Init
                0x08002bd4       0x64 Drivers/STM32F4xx_HAL_Driver/Src/stm32f4xx_hal_uart.o
                0x08002bd4                HAL_UART_Init
 .text.HAL_UART_Receive_DMA
                0x08002c38       0x98 Drivers/STM32F4xx_HAL_Driver/Src/stm32f4xx_hal_uart.o
                0x08002c38                HAL_UART_Receive_DMA
 .text.HAL_UART_TxCpltCallback
                0x08002cd0        0x4 Drivers/STM32F4xx_HAL_Driver/Src/stm32f4xx_hal_uart.o
                0x08002cd0                HAL_UART_TxCpltCallback
 .text.UART_EndTransmit_IT
                0x08002cd4       0x1c Drivers/STM32F4xx_HAL_Driver/Src/stm32f4xx_hal_uart.o
 .text.UART_DMAReceiveCplt
                0x08002cf0       0x40 Drivers/STM32F4xx_HAL_Driver/Src/stm32f4xx_hal_uart.o
 .text.UART_Receive_IT
                0x08002d30       0x94 Drivers/STM32F4xx_HAL_Driver/Src/stm32f4xx_hal_uart.o
 .text.HAL_UART_RxHalfCpltCallback
                0x08002dc4        0x4 Drivers/STM32F4xx_HAL_Driver/Src/stm32f4xx_hal_uart.o
                0x08002dc4                HAL_UART_RxHalfCpltCallback
 .text.UART_DMARxHalfCplt
                0x08002dc8        0xc Drivers/STM32F4xx_HAL_Driver/Src/stm32f4xx_hal_uart.o
 .text.HAL_UART_ErrorCallback
                0x08002dd4        0x4 Drivers/STM32F4xx_HAL_Driver/Src/stm32f4xx_hal_uart.o
                0x08002dd4                HAL_UART_ErrorCallback
 .text.UART_DMAError
                0x08002dd8       0x50 Drivers/STM32F4xx_HAL_Driver/Src/stm32f4xx_hal_uart.o
 .text.HAL_UART_IRQHandler
                0x08002e28      0x11c Drivers/STM32F4xx_HAL_Driver/Src/stm32f4xx_hal_uart.o
                0x08002e28                HAL_UART_IRQHandler
 .text.UART_DMAAbortOnError
                0x08002f44       0x10 Drivers/STM32F4xx_HAL_Driver/Src/stm32f4xx_hal_uart.o
 .text.makeFreeRtosPriority
                0x08002f54        0xc Middlewares/Third_Party/FreeRTOS/Source/CMSIS_RTOS/cmsis_os.o
 .text.osKernelStart
                0x08002f60        0xc Middlewares/Third_Party/FreeRTOS/Source/CMSIS_RTOS/cmsis_os.o
                0x08002f60                osKernelStart
 .text.osThreadCreate
                0x08002f6c       0x3c Middlewares/Third_Party/FreeRTOS/Source/CMSIS_RTOS/cmsis_os.o
                0x08002f6c                osThreadCreate
 .text.osDelay  0x08002fa8       0x10 Middlewares/Third_Party/FreeRTOS/Source/CMSIS_RTOS/cmsis_os.o
                0x08002fa8                osDelay
 .text.osMutexCreate
                0x08002fb8        0xc Middlewares/Third_Party/FreeRTOS/Source/CMSIS_RTOS/cmsis_os.o
                0x08002fb8                osMutexCreate
 .text.osSystickHandler
                0x08002fc4       0x10 Middlewares/Third_Party/FreeRTOS/Source/CMSIS_RTOS/cmsis_os.o
                0x08002fc4                osSystickHandler
 .text.vListInitialise
                0x08002fd4       0x18 Middlewares/Third_Party/FreeRTOS/Source/list.o
                0x08002fd4                vListInitialise
 .text.vListInitialiseItem
                0x08002fec        0x8 Middlewares/Third_Party/FreeRTOS/Source/list.o
                0x08002fec                vListInitialiseItem
 .text.vListInsertEnd
                0x08002ff4       0x18 Middlewares/Third_Party/FreeRTOS/Source/list.o
                0x08002ff4                vListInsertEnd
 .text.vListInsert
                0x0800300c       0x34 Middlewares/Third_Party/FreeRTOS/Source/list.o
                0x0800300c                vListInsert
 .text.uxListRemove
                0x08003040       0x24 Middlewares/Third_Party/FreeRTOS/Source/list.o
                0x08003040                uxListRemove
 .text.prvIsQueueFull
                0x08003064       0x20 Middlewares/Third_Party/FreeRTOS/Source/queue.o
 .text.prvCopyDataToQueue
                0x08003084       0x7c Middlewares/Third_Party/FreeRTOS/Source/queue.o
 .text.prvUnlockQueue
                0x08003100       0x64 Middlewares/Third_Party/FreeRTOS/Source/queue.o
 .text.xQueueGenericSend
                0x08003164      0x184 Middlewares/Third_Party/FreeRTOS/Source/queue.o
                0x08003164                xQueueGenericSend
 .text.xQueueCreateMutex
                0x080032e8       0x44 Middlewares/Third_Party/FreeRTOS/Source/queue.o
                0x080032e8                xQueueCreateMutex
 .text.prvResetNextTaskUnblockTime
                0x0800332c       0x2c Middlewares/Third_Party/FreeRTOS/Source/tasks.o
 .text.prvAllocateTCBAndStack
                0x08003358       0x2c Middlewares/Third_Party/FreeRTOS/Source/tasks.o
 .text.prvDeleteTCB
                0x08003384       0x14 Middlewares/Third_Party/FreeRTOS/Source/tasks.o
 .text.prvInitialiseTCBVariables
                0x08003398       0x50 Middlewares/Third_Party/FreeRTOS/Source/tasks.o
 .text.prvInitialiseTaskLists
                0x080033e8       0x54 Middlewares/Third_Party/FreeRTOS/Source/tasks.o
 .text.prvAddCurrentTaskToDelayedList
                0x0800343c       0x44 Middlewares/Third_Party/FreeRTOS/Source/tasks.o
 .text.xTaskGenericCreate
                0x08003480      0x134 Middlewares/Third_Party/FreeRTOS/Source/tasks.o
                0x08003480                xTaskGenericCreate
 .text.vTaskStartScheduler
                0x080035b4       0x6c Middlewares/Third_Party/FreeRTOS/Source/tasks.o
                0x080035b4                vTaskStartScheduler
 .text.vTaskSuspendAll
                0x08003620       0x14 Middlewares/Third_Party/FreeRTOS/Source/tasks.o
                0x08003620                vTaskSuspendAll
 .text.xTaskIncrementTick
                0x08003634      0x11c Middlewares/Third_Party/FreeRTOS/Source/tasks.o
                0x08003634                xTaskIncrementTick
 .text.xTaskResumeAll
                0x08003750       0xf8 Middlewares/Third_Party/FreeRTOS/Source/tasks.o
                0x08003750                xTaskResumeAll
 .text.vTaskDelay
                0x08003848       0x7c Middlewares/Third_Party/FreeRTOS/Source/tasks.o
                0x08003848                vTaskDelay
 .text.prvCheckTasksWaitingTermination
                0x080038c4       0x54 Middlewares/Third_Party/FreeRTOS/Source/tasks.o
 .text.prvIdleTask
                0x08003918       0x28 Middlewares/Third_Party/FreeRTOS/Source/tasks.o
 .text.vTaskSwitchContext
                0x08003940       0x90 Middlewares/Third_Party/FreeRTOS/Source/tasks.o
                0x08003940                vTaskSwitchContext
 .text.vTaskPlaceOnEventList
                0x080039d0       0x70 Middlewares/Third_Party/FreeRTOS/Source/tasks.o
                0x080039d0                vTaskPlaceOnEventList
 .text.xTaskRemoveFromEventList
                0x08003a40       0x88 Middlewares/Third_Party/FreeRTOS/Source/tasks.o
                0x08003a40                xTaskRemoveFromEventList
 .text.vTaskSetTimeOutState
                0x08003ac8       0x28 Middlewares/Third_Party/FreeRTOS/Source/tasks.o
                0x08003ac8                vTaskSetTimeOutState
 .text.xTaskCheckForTimeOut
                0x08003af0       0x80 Middlewares/Third_Party/FreeRTOS/Source/tasks.o
                0x08003af0                xTaskCheckForTimeOut
 .text.vTaskMissedYield
                0x08003b70       0x10 Middlewares/Third_Party/FreeRTOS/Source/tasks.o
                0x08003b70                vTaskMissedYield
 .text.xTaskGetSchedulerState
                0x08003b80       0x20 Middlewares/Third_Party/FreeRTOS/Source/tasks.o
                0x08003b80                xTaskGetSchedulerState
 .text.xTaskPriorityDisinherit
                0x08003ba0       0xb8 Middlewares/Third_Party/FreeRTOS/Source/tasks.o
                0x08003ba0                xTaskPriorityDisinherit
 .text.prvTaskExitError
                0x08003c58       0x34 Middlewares/Third_Party/FreeRTOS/Source/portable/GCC/ARM_CM4F/port.o
 .text.prvPortStartFirstTask
                0x08003c8c       0x20 Middlewares/Third_Party/FreeRTOS/Source/portable/GCC/ARM_CM4F/port.o
 .text.vPortEnableVFP
                0x08003cac       0x14 Middlewares/Third_Party/FreeRTOS/Source/portable/GCC/ARM_CM4F/port.o
 .text.pxPortInitialiseStack
                0x08003cc0       0x28 Middlewares/Third_Party/FreeRTOS/Source/portable/GCC/ARM_CM4F/port.o
                0x08003cc0                pxPortInitialiseStack
 .text.SVC_Handler
                0x08003ce8       0x20 Middlewares/Third_Party/FreeRTOS/Source/portable/GCC/ARM_CM4F/port.o
                0x08003ce8                SVC_Handler
 .text.vPortEnterCritical
                0x08003d08       0x44 Middlewares/Third_Party/FreeRTOS/Source/portable/GCC/ARM_CM4F/port.o
                0x08003d08                vPortEnterCritical
 .text.vPortExitCritical
                0x08003d4c       0x2c Middlewares/Third_Party/FreeRTOS/Source/portable/GCC/ARM_CM4F/port.o
                0x08003d4c                vPortExitCritical
 .text.PendSV_Handler
                0x08003d78       0x60 Middlewares/Third_Party/FreeRTOS/Source/portable/GCC/ARM_CM4F/port.o
                0x08003d78                PendSV_Handler
 .text.xPortSysTickHandler
                0x08003dd8       0x30 Middlewares/Third_Party/FreeRTOS/Source/portable/GCC/ARM_CM4F/port.o
                0x08003dd8                xPortSysTickHandler
 .text.vPortSetupTimerInterrupt
                0x08003e08       0x2c Middlewares/Third_Party/FreeRTOS/Source/portable/GCC/ARM_CM4F/port.o
                0x08003e08                vPortSetupTimerInterrupt
 .text.xPortStartScheduler
                0x08003e34       0xe8 Middlewares/Third_Party/FreeRTOS/Source/portable/GCC/ARM_CM4F/port.o
                0x08003e34                xPortStartScheduler
 .text.prvHeapInit
                0x08003f1c       0x58 Middlewares/Third_Party/FreeRTOS/Source/portable/MemMang/heap_4.o
 .text.prvInsertBlockIntoFreeList
                0x08003f74       0x58 Middlewares/Third_Party/FreeRTOS/Source/portable/MemMang/heap_4.o
 .text.pvPortMalloc
                0x08003fcc      0x10c Middlewares/Third_Party/FreeRTOS/Source/portable/MemMang/heap_4.o
                0x08003fcc                pvPortMalloc
 .text.vPortFree
                0x080040d8       0x78 Middlewares/Third_Party/FreeRTOS/Source/portable/MemMang/heap_4.o
                0x080040d8                vPortFree
 .text.MX_GPIO_Init
                0x08004150       0xf8 Src/main.o
 .text.MX_DMA_Init
                0x08004248       0x68 Src/main.o
 .text.Serial_In_Task
                0x080042b0       0x8c Src/main.o
                0x080042b0                Serial_In_Task
 *fill*         0x0800433c        0x4 
 .text.Corrente_Task
                0x08004340      0x14c Src/main.o
                0x08004340                Corrente_Task
 .text.Leds_Task
                0x0800448c       0x98 Src/main.o
                0x0800448c                Leds_Task
 .text.HAL_TIM_OC_DelayElapsedCallback
                0x08004524      0x1e0 Src/main.o
                0x08004524                HAL_TIM_OC_DelayElapsedCallback
 .text.HAL_TIM_PeriodElapsedCallback
                0x08004704      0x170 Src/main.o
                0x08004704                HAL_TIM_PeriodElapsedCallback
 *fill*         0x08004874        0x4 
 .text.HAL_UART_RxCpltCallback
                0x08004878      0x1c4 Src/main.o
                0x08004878                HAL_UART_RxCpltCallback
 *fill*         0x08004a3c        0x4 
 .text.HAL_ADC_ConvCpltCallback
                0x08004a40       0x30 Src/main.o
                0x08004a40                HAL_ADC_ConvCpltCallback
 .text._Error_Handler
                0x08004a70        0x4 Src/main.o
                0x08004a70                _Error_Handler
 .text.MX_TIM3_Init
                0x08004a74       0xe8 Src/main.o
 .text.MX_USART2_UART_Init
                0x08004b5c       0x3c Src/main.o
 .text.MX_ADC1_Init
                0x08004b98       0x74 Src/main.o
 .text.MX_TIM2_Init
                0x08004c0c       0x74 Src/main.o
 .text.SystemClock_Config
                0x08004c80       0xc0 Src/main.o
                0x08004c80                SystemClock_Config
 .text.main     0x08004d40      0x128 Src/main.o
                0x08004d40                main
 .text.HAL_MspInit
                0x08004e68       0x60 Src/stm32f4xx_hal_msp.o
                0x08004e68                HAL_MspInit
 .text.HAL_ADC_MspInit
                0x08004ec8       0xa0 Src/stm32f4xx_hal_msp.o
                0x08004ec8                HAL_ADC_MspInit
 .text.HAL_TIM_Base_MspInit
                0x08004f68       0x7c Src/stm32f4xx_hal_msp.o
                0x08004f68                HAL_TIM_Base_MspInit
 .text.HAL_TIM_MspPostInit
                0x08004fe4       0x34 Src/stm32f4xx_hal_msp.o
                0x08004fe4                HAL_TIM_MspPostInit
 .text.HAL_UART_MspInit
                0x08005018       0xf0 Src/stm32f4xx_hal_msp.o
                0x08005018                HAL_UART_MspInit
 .text.SysTick_Handler
                0x08005108        0xc Src/stm32f4xx_it.o
                0x08005108                SysTick_Handler
 .text.DMA1_Stream5_IRQHandler
                0x08005114       0x10 Src/stm32f4xx_it.o
                0x08005114                DMA1_Stream5_IRQHandler
 .text.DMA1_Stream6_IRQHandler
                0x08005124       0x10 Src/stm32f4xx_it.o
                0x08005124                DMA1_Stream6_IRQHandler
 .text.ADC_IRQHandler
                0x08005134       0x10 Src/stm32f4xx_it.o
                0x08005134                ADC_IRQHandler
 .text.TIM3_IRQHandler
                0x08005144       0x10 Src/stm32f4xx_it.o
                0x08005144                TIM3_IRQHandler
 .text.USART2_IRQHandler
                0x08005154       0x10 Src/stm32f4xx_it.o
                0x08005154                USART2_IRQHandler
 .text.DMA2_Stream0_IRQHandler
                0x08005164       0x10 Src/stm32f4xx_it.o
                0x08005164                DMA2_Stream0_IRQHandler
 .text.SystemInit
                0x08005174       0x4c Src/system_stm32f4xx.o
                0x08005174                SystemInit
 .text.Reset_Handler
                0x080051c0       0x50 startup/startup_stm32f411xe.o
                0x080051c0                Reset_Handler
 .text.Default_Handler
                0x08005210        0x2 startup/startup_stm32f411xe.o
                0x08005210                RTC_Alarm_IRQHandler
                0x08005210                EXTI2_IRQHandler
                0x08005210                DebugMon_Handler
                0x08005210                SPI4_IRQHandler
                0x08005210                TIM1_CC_IRQHandler
                0x08005210                DMA2_Stream5_IRQHandler
                0x08005210                HardFault_Handler
                0x08005210                PVD_IRQHandler
                0x08005210                SDIO_IRQHandler
                0x08005210                TAMP_STAMP_IRQHandler
                0x08005210                NMI_Handler
                0x08005210                EXTI3_IRQHandler
                0x08005210                TIM1_UP_TIM10_IRQHandler
                0x08005210                I2C3_ER_IRQHandler
                0x08005210                EXTI0_IRQHandler
                0x08005210                I2C2_EV_IRQHandler
                0x08005210                DMA1_Stream2_IRQHandler
                0x08005210                FPU_IRQHandler
                0x08005210                UsageFault_Handler
                0x08005210                DMA2_Stream2_IRQHandler
                0x08005210                SPI1_IRQHandler
                0x08005210                TIM1_BRK_TIM9_IRQHandler
                0x08005210                DMA2_Stream3_IRQHandler
                0x08005210                USART6_IRQHandler
                0x08005210                TIM4_IRQHandler
                0x08005210                I2C1_EV_IRQHandler
                0x08005210                DMA1_Stream1_IRQHandler
                0x08005210                RCC_IRQHandler
                0x08005210                Default_Handler
                0x08005210                EXTI15_10_IRQHandler
                0x08005210                DMA1_Stream7_IRQHandler
                0x08005210                SPI5_IRQHandler
                0x08005210                TIM5_IRQHandler
                0x08005210                DMA2_Stream7_IRQHandler
                0x08005210                I2C3_EV_IRQHandler
                0x08005210                EXTI9_5_IRQHandler
                0x08005210                RTC_WKUP_IRQHandler
                0x08005210                SPI2_IRQHandler
                0x08005210                MemManage_Handler
                0x08005210                DMA1_Stream0_IRQHandler
                0x08005210                EXTI4_IRQHandler
                0x08005210                WWDG_IRQHandler
                0x08005210                TIM2_IRQHandler
                0x08005210                OTG_FS_WKUP_IRQHandler
                0x08005210                TIM1_TRG_COM_TIM11_IRQHandler
                0x08005210                EXTI1_IRQHandler
                0x08005210                I2C2_ER_IRQHandler
                0x08005210                DMA2_Stream1_IRQHandler
                0x08005210                FLASH_IRQHandler
                0x08005210                DMA2_Stream4_IRQHandler
                0x08005210                BusFault_Handler
                0x08005210                USART1_IRQHandler
                0x08005210                OTG_FS_IRQHandler
                0x08005210                SPI3_IRQHandler
                0x08005210                DMA1_Stream4_IRQHandler
                0x08005210                I2C1_ER_IRQHandler
                0x08005210                DMA2_Stream6_IRQHandler
                0x08005210                DMA1_Stream3_IRQHandler
 *fill*         0x08005212        0x2 
 .text.__libc_init_array
                0x08005214       0x4c c:/st/eclipse/plugins/fr.ac6.mcu.externaltools.arm-none.win32_1.13.2.201703061525/tools/compiler/bin/../lib/gcc/arm-none-eabi/5.4.1/../../../../arm-none-eabi/lib/armv7e-m/fpu\libc_nano.a(lib_a-init.o)
                0x08005214                __libc_init_array
 .text.memcpy   0x08005260       0x16 c:/st/eclipse/plugins/fr.ac6.mcu.externaltools.arm-none.win32_1.13.2.201703061525/tools/compiler/bin/../lib/gcc/arm-none-eabi/5.4.1/../../../../arm-none-eabi/lib/armv7e-m/fpu\libc_nano.a(lib_a-memcpy-stub.o)
                0x08005260                memcpy
 *(.glue_7)
 .glue_7        0x08005276        0x0 linker stubs
 *(.glue_7t)
 .glue_7t       0x08005276        0x0 linker stubs
 *(.eh_frame)
 *fill*         0x08005276        0x2 
 .eh_frame      0x08005278        0x0 c:/st/eclipse/plugins/fr.ac6.mcu.externaltools.arm-none.win32_1.13.2.201703061525/tools/compiler/bin/../lib/gcc/arm-none-eabi/5.4.1/armv7e-m/fpu/crtbegin.o
 *(.init)
 .init          0x08005278        0x4 c:/st/eclipse/plugins/fr.ac6.mcu.externaltools.arm-none.win32_1.13.2.201703061525/tools/compiler/bin/../lib/gcc/arm-none-eabi/5.4.1/armv7e-m/fpu/crti.o
                0x08005278                _init
 .init          0x0800527c        0x8 c:/st/eclipse/plugins/fr.ac6.mcu.externaltools.arm-none.win32_1.13.2.201703061525/tools/compiler/bin/../lib/gcc/arm-none-eabi/5.4.1/armv7e-m/fpu/crtn.o
 *(.fini)
 .fini          0x08005284        0x4 c:/st/eclipse/plugins/fr.ac6.mcu.externaltools.arm-none.win32_1.13.2.201703061525/tools/compiler/bin/../lib/gcc/arm-none-eabi/5.4.1/armv7e-m/fpu/crti.o
                0x08005284                _fini
 .fini          0x08005288        0x8 c:/st/eclipse/plugins/fr.ac6.mcu.externaltools.arm-none.win32_1.13.2.201703061525/tools/compiler/bin/../lib/gcc/arm-none-eabi/5.4.1/armv7e-m/fpu/crtn.o
                0x08005290                . = ALIGN (0x4)
                0x08005290                _etext = .

.vfp11_veneer   0x08005290        0x0
 .vfp11_veneer  0x08005290        0x0 linker stubs

.v4_bx          0x08005290        0x0
 .v4_bx         0x08005290        0x0 linker stubs

.iplt           0x08005290        0x0
 .iplt          0x08005290        0x0 c:/st/eclipse/plugins/fr.ac6.mcu.externaltools.arm-none.win32_1.13.2.201703061525/tools/compiler/bin/../lib/gcc/arm-none-eabi/5.4.1/armv7e-m/fpu/crtbegin.o

.rodata         0x08005290       0xa8
                0x08005290                . = ALIGN (0x4)
 *(.rodata)
 .rodata        0x08005290        0x8 Drivers/STM32F4xx_HAL_Driver/Src/stm32f4xx_hal_dma.o
 .rodata        0x08005298       0x10 Drivers/STM32F4xx_HAL_Driver/Src/stm32f4xx_hal_rcc.o
                0x08005298                APBAHBPrescTable
 .rodata        0x080052a8       0x3c Src/main.o
 *(.rodata*)
 .rodata.str1.4
                0x080052e4        0x5 Middlewares/Third_Party/FreeRTOS/Source/tasks.o
 *fill*         0x080052e9        0x3 
 .rodata.str1.4
                0x080052ec       0x2e Src/main.o
 *fill*         0x0800531a        0x2 
 .rodata.str1.4
                0x0800531c       0x1c Src/stm32f4xx_hal_msp.o
                                 0x1b (size before relaxing)
                0x08005338                . = ALIGN (0x4)

.rel.dyn        0x08005338        0x0
 .rel.iplt      0x08005338        0x0 c:/st/eclipse/plugins/fr.ac6.mcu.externaltools.arm-none.win32_1.13.2.201703061525/tools/compiler/bin/../lib/gcc/arm-none-eabi/5.4.1/armv7e-m/fpu/crtbegin.o

.ARM.extab
 *(.ARM.extab* .gnu.linkonce.armextab.*)

.ARM            0x08005338        0x0
                0x08005338                __exidx_start = .
 *(.ARM.exidx*)
                0x08005338                __exidx_end = .

.preinit_array  0x08005338        0x0
                0x08005338                PROVIDE (__preinit_array_start, .)
 *(.preinit_array*)
                0x08005338                PROVIDE (__preinit_array_end, .)

.init_array     0x08005338        0x4
                0x08005338                PROVIDE (__init_array_start, .)
 *(SORT(.init_array.*))
 *(.init_array*)
 .init_array    0x08005338        0x4 c:/st/eclipse/plugins/fr.ac6.mcu.externaltools.arm-none.win32_1.13.2.201703061525/tools/compiler/bin/../lib/gcc/arm-none-eabi/5.4.1/armv7e-m/fpu/crtbegin.o
                0x0800533c                PROVIDE (__init_array_end, .)

.fini_array     0x0800533c        0x4
                [!provide]                PROVIDE (__fini_array_start, .)
 *(SORT(.fini_array.*))
 *(.fini_array*)
 .fini_array    0x0800533c        0x4 c:/st/eclipse/plugins/fr.ac6.mcu.externaltools.arm-none.win32_1.13.2.201703061525/tools/compiler/bin/../lib/gcc/arm-none-eabi/5.4.1/armv7e-m/fpu/crtbegin.o
                [!provide]                PROVIDE (__fini_array_end, .)
                0x08005340                _sidata = LOADADDR (.data)

.data           0x20000000       0x1c load address 0x08005340
                0x20000000                . = ALIGN (0x4)
                0x20000000                _sdata = .
 *(.data)
 .data          0x20000000        0x4 Middlewares/Third_Party/FreeRTOS/Source/portable/GCC/ARM_CM4F/port.o
 .data          0x20000004       0x14 Src/main.o
                0x20000004                z
                0x20000008                x
                0x2000000c                y
                0x20000010                zaux
                0x20000014                xaux
 .data          0x20000018        0x4 Src/system_stm32f4xx.o
                0x20000018                SystemCoreClock
 *(.data*)
                0x2000001c                . = ALIGN (0x4)
                0x2000001c                _edata = .

.jcr            0x2000001c        0x0 load address 0x0800535c
 .jcr           0x2000001c        0x0 c:/st/eclipse/plugins/fr.ac6.mcu.externaltools.arm-none.win32_1.13.2.201703061525/tools/compiler/bin/../lib/gcc/arm-none-eabi/5.4.1/armv7e-m/fpu/crtbegin.o

.igot.plt       0x2000001c        0x0 load address 0x0800535c
 .igot.plt      0x2000001c        0x0 c:/st/eclipse/plugins/fr.ac6.mcu.externaltools.arm-none.win32_1.13.2.201703061525/tools/compiler/bin/../lib/gcc/arm-none-eabi/5.4.1/armv7e-m/fpu/crtbegin.o
                0x2000001c                . = ALIGN (0x4)

.bss            0x2000001c     0x8e24 load address 0x0800535c
                0x2000001c                _sbss = .
                0x2000001c                __bss_start__ = _sbss
 *(.bss)
 .bss           0x2000001c       0x1c c:/st/eclipse/plugins/fr.ac6.mcu.externaltools.arm-none.win32_1.13.2.201703061525/tools/compiler/bin/../lib/gcc/arm-none-eabi/5.4.1/armv7e-m/fpu/crtbegin.o
 .bss           0x20000038      0x128 Middlewares/Third_Party/FreeRTOS/Source/tasks.o
                0x20000134                pxCurrentTCB
 .bss           0x20000160        0x8 Middlewares/Third_Party/FreeRTOS/Source/portable/GCC/ARM_CM4F/port.o
 .bss           0x20000168     0x3c18 Middlewares/Third_Party/FreeRTOS/Source/portable/MemMang/heap_4.o
 .bss           0x20003d80       0x2c Src/main.o
                0x20003d80                emergencia
                0x20003d84                led2
                0x20003d88                led3
                0x20003d8c                led1
                0x20003d90                contagem
                0x20003d94                contagem2
                0x20003d98                centoecinquenta
                0x20003d9c                contagem3
                0x20003da0                ciclo
                0x20003da4                zero
                0x20003da8                k
 *(.bss*)
 *(COMMON)
 COMMON         0x20003dac        0x4 Drivers/STM32F4xx_HAL_Driver/Src/stm32f4xx_hal.o
                0x20003dac                uwTick
 COMMON         0x20003db0     0x5090 Src/main.o
                0x20003db0                ccr
                0x20003db4                descendo
                0x20003db8                hdma_usart2_rx
                0x20003e18                myMutex03Handle
                0x20003e1c                w
                0x20003e20                valor
                0x20003e24                msg
                0x20008c44                htim3
                0x20008c80                hadc1
                0x20008cc8                Serial_InHandle
                0x20008ccc                myMutex04Handle
                0x20008cd0                hdma_usart2_tx
                0x20008d30                i
                0x20008d34                tempo2aux
                0x20008d38                tempo1aux
                0x20008d3c                subindo
                0x20008d40                hdma_adc1
                0x20008da0                tempo2
                0x20008da4                receive
                0x20008da8                inicioDePulso
                0x20008dac                htim2
                0x20008de8                huart2
                0x20008e28                LedsHandle
                0x20008e2c                myMutex01Handle
                0x20008e30                myMutex02Handle
                0x20008e34                tempo1
                0x20008e38                CorrenteHandle
                0x20008e3c                value
                0x20008e40                . = ALIGN (0x4)
                0x20008e40                _ebss = .
                0x20008e40                __bss_end__ = _ebss

._user_heap_stack
                0x20008e40      0x600 load address 0x0800535c
                0x20008e40                . = ALIGN (0x8)
                [!provide]                PROVIDE (end, .)
                [!provide]                PROVIDE (_end, .)
                0x20009040                . = (. + _Min_Heap_Size)
 *fill*         0x20008e40      0x200 
                0x20009440                . = (. + _Min_Stack_Size)
 *fill*         0x20009040      0x400 
                0x20009440                . = ALIGN (0x8)

/DISCARD/
 libc.a(*)
 libm.a(*)
 libgcc.a(*)

.ARM.attributes
                0x00000000       0x30
 *(.ARM.attributes)
 .ARM.attributes
                0x00000000       0x22 c:/st/eclipse/plugins/fr.ac6.mcu.externaltools.arm-none.win32_1.13.2.201703061525/tools/compiler/bin/../lib/gcc/arm-none-eabi/5.4.1/armv7e-m/fpu/crti.o
 .ARM.attributes
                0x00000022       0x34 c:/st/eclipse/plugins/fr.ac6.mcu.externaltools.arm-none.win32_1.13.2.201703061525/tools/compiler/bin/../lib/gcc/arm-none-eabi/5.4.1/armv7e-m/fpu/crtbegin.o
 .ARM.attributes
                0x00000056       0x39 Drivers/STM32F4xx_HAL_Driver/Src/stm32f4xx_hal.o
 .ARM.attributes
                0x0000008f       0x39 Drivers/STM32F4xx_HAL_Driver/Src/stm32f4xx_hal_adc.o
 .ARM.attributes
                0x000000c8       0x39 Drivers/STM32F4xx_HAL_Driver/Src/stm32f4xx_hal_adc_ex.o
 .ARM.attributes
                0x00000101       0x39 Drivers/STM32F4xx_HAL_Driver/Src/stm32f4xx_hal_cortex.o
 .ARM.attributes
                0x0000013a       0x39 Drivers/STM32F4xx_HAL_Driver/Src/stm32f4xx_hal_dma.o
 .ARM.attributes
                0x00000173       0x39 Drivers/STM32F4xx_HAL_Driver/Src/stm32f4xx_hal_gpio.o
 .ARM.attributes
                0x000001ac       0x39 Drivers/STM32F4xx_HAL_Driver/Src/stm32f4xx_hal_rcc.o
 .ARM.attributes
                0x000001e5       0x39 Drivers/STM32F4xx_HAL_Driver/Src/stm32f4xx_hal_tim.o
 .ARM.attributes
                0x0000021e       0x39 Drivers/STM32F4xx_HAL_Driver/Src/stm32f4xx_hal_tim_ex.o
 .ARM.attributes
                0x00000257       0x39 Drivers/STM32F4xx_HAL_Driver/Src/stm32f4xx_hal_uart.o
 .ARM.attributes
                0x00000290       0x39 Middlewares/Third_Party/FreeRTOS/Source/CMSIS_RTOS/cmsis_os.o
 .ARM.attributes
                0x000002c9       0x39 Middlewares/Third_Party/FreeRTOS/Source/list.o
 .ARM.attributes
                0x00000302       0x39 Middlewares/Third_Party/FreeRTOS/Source/queue.o
 .ARM.attributes
                0x0000033b       0x39 Middlewares/Third_Party/FreeRTOS/Source/tasks.o
 .ARM.attributes
                0x00000374       0x39 Middlewares/Third_Party/FreeRTOS/Source/portable/GCC/ARM_CM4F/port.o
 .ARM.attributes
                0x000003ad       0x39 Middlewares/Third_Party/FreeRTOS/Source/portable/MemMang/heap_4.o
 .ARM.attributes
                0x000003e6       0x39 Src/main.o
 .ARM.attributes
                0x0000041f       0x39 Src/stm32f4xx_hal_msp.o
 .ARM.attributes
                0x00000458       0x39 Src/stm32f4xx_it.o
 .ARM.attributes
                0x00000491       0x39 Src/system_stm32f4xx.o
 .ARM.attributes
                0x000004ca       0x21 startup/startup_stm32f411xe.o
 .ARM.attributes
                0x000004eb       0x22 c:/st/eclipse/plugins/fr.ac6.mcu.externaltools.arm-none.win32_1.13.2.201703061525/tools/compiler/bin/../lib/gcc/arm-none-eabi/5.4.1/armv7e-m/fpu\libgcc.a(_arm_addsubdf3.o)
 .ARM.attributes
                0x0000050d       0x22 c:/st/eclipse/plugins/fr.ac6.mcu.externaltools.arm-none.win32_1.13.2.201703061525/tools/compiler/bin/../lib/gcc/arm-none-eabi/5.4.1/armv7e-m/fpu\libgcc.a(_arm_muldivdf3.o)
 .ARM.attributes
                0x0000052f       0x22 c:/st/eclipse/plugins/fr.ac6.mcu.externaltools.arm-none.win32_1.13.2.201703061525/tools/compiler/bin/../lib/gcc/arm-none-eabi/5.4.1/armv7e-m/fpu\libgcc.a(_arm_cmpdf2.o)
 .ARM.attributes
                0x00000551       0x22 c:/st/eclipse/plugins/fr.ac6.mcu.externaltools.arm-none.win32_1.13.2.201703061525/tools/compiler/bin/../lib/gcc/arm-none-eabi/5.4.1/armv7e-m/fpu\libgcc.a(_arm_truncdfsf2.o)
 .ARM.attributes
                0x00000573       0x34 c:/st/eclipse/plugins/fr.ac6.mcu.externaltools.arm-none.win32_1.13.2.201703061525/tools/compiler/bin/../lib/gcc/arm-none-eabi/5.4.1/../../../../arm-none-eabi/lib/armv7e-m/fpu\libc_nano.a(lib_a-init.o)
 .ARM.attributes
                0x000005a7       0x34 c:/st/eclipse/plugins/fr.ac6.mcu.externaltools.arm-none.win32_1.13.2.201703061525/tools/compiler/bin/../lib/gcc/arm-none-eabi/5.4.1/../../../../arm-none-eabi/lib/armv7e-m/fpu\libc_nano.a(lib_a-memcpy-stub.o)
 .ARM.attributes
                0x000005db       0x22 c:/st/eclipse/plugins/fr.ac6.mcu.externaltools.arm-none.win32_1.13.2.201703061525/tools/compiler/bin/../lib/gcc/arm-none-eabi/5.4.1/armv7e-m/fpu/crtn.o
OUTPUT(soft_com_thread.elf elf32-littlearm)

.debug_info     0x00000000    0x14a3d
 .debug_info    0x00000000      0x883 Drivers/STM32F4xx_HAL_Driver/Src/stm32f4xx_hal.o
 .debug_info    0x00000883      0xd7a Drivers/STM32F4xx_HAL_Driver/Src/stm32f4xx_hal_adc.o
 .debug_info    0x000015fd      0xb19 Drivers/STM32F4xx_HAL_Driver/Src/stm32f4xx_hal_adc_ex.o
 .debug_info    0x00002116      0xdfd Drivers/STM32F4xx_HAL_Driver/Src/stm32f4xx_hal_cortex.o
 .debug_info    0x00002f13      0xa5a Drivers/STM32F4xx_HAL_Driver/Src/stm32f4xx_hal_dma.o
 .debug_info    0x0000396d      0x753 Drivers/STM32F4xx_HAL_Driver/Src/stm32f4xx_hal_gpio.o
 .debug_info    0x000040c0      0xcf5 Drivers/STM32F4xx_HAL_Driver/Src/stm32f4xx_hal_rcc.o
 .debug_info    0x00004db5     0x2e0c Drivers/STM32F4xx_HAL_Driver/Src/stm32f4xx_hal_tim.o
 .debug_info    0x00007bc1     0x128d Drivers/STM32F4xx_HAL_Driver/Src/stm32f4xx_hal_tim_ex.o
 .debug_info    0x00008e4e     0x168f Drivers/STM32F4xx_HAL_Driver/Src/stm32f4xx_hal_uart.o
 .debug_info    0x0000a4dd     0x1993 Middlewares/Third_Party/FreeRTOS/Source/CMSIS_RTOS/cmsis_os.o
 .debug_info    0x0000be70      0x2a5 Middlewares/Third_Party/FreeRTOS/Source/list.o
 .debug_info    0x0000c115     0x1584 Middlewares/Third_Party/FreeRTOS/Source/queue.o
 .debug_info    0x0000d699     0x210c Middlewares/Third_Party/FreeRTOS/Source/tasks.o
 .debug_info    0x0000f7a5      0x55b Middlewares/Third_Party/FreeRTOS/Source/portable/GCC/ARM_CM4F/port.o
 .debug_info    0x0000fd00      0x445 Middlewares/Third_Party/FreeRTOS/Source/portable/MemMang/heap_4.o
 .debug_info    0x00010145     0x24bf Src/main.o
 .debug_info    0x00012604     0x138d Src/stm32f4xx_hal_msp.o
 .debug_info    0x00013991      0xb10 Src/stm32f4xx_it.o
 .debug_info    0x000144a1      0x52a Src/system_stm32f4xx.o
 .debug_info    0x000149cb       0x72 startup/startup_stm32f411xe.o

.debug_abbrev   0x00000000     0x2c07
 .debug_abbrev  0x00000000      0x260 Drivers/STM32F4xx_HAL_Driver/Src/stm32f4xx_hal.o
 .debug_abbrev  0x00000260      0x235 Drivers/STM32F4xx_HAL_Driver/Src/stm32f4xx_hal_adc.o
 .debug_abbrev  0x00000495      0x21c Drivers/STM32F4xx_HAL_Driver/Src/stm32f4xx_hal_adc_ex.o
 .debug_abbrev  0x000006b1      0x2fe Drivers/STM32F4xx_HAL_Driver/Src/stm32f4xx_hal_cortex.o
 .debug_abbrev  0x000009af      0x256 Drivers/STM32F4xx_HAL_Driver/Src/stm32f4xx_hal_dma.o
 .debug_abbrev  0x00000c05      0x1cd Drivers/STM32F4xx_HAL_Driver/Src/stm32f4xx_hal_gpio.o
 .debug_abbrev  0x00000dd2      0x2c1 Drivers/STM32F4xx_HAL_Driver/Src/stm32f4xx_hal_rcc.o
 .debug_abbrev  0x00001093      0x22a Drivers/STM32F4xx_HAL_Driver/Src/stm32f4xx_hal_tim.o
 .debug_abbrev  0x000012bd      0x22a Drivers/STM32F4xx_HAL_Driver/Src/stm32f4xx_hal_tim_ex.o
 .debug_abbrev  0x000014e7      0x273 Drivers/STM32F4xx_HAL_Driver/Src/stm32f4xx_hal_uart.o
 .debug_abbrev  0x0000175a      0x2fe Middlewares/Third_Party/FreeRTOS/Source/CMSIS_RTOS/cmsis_os.o
 .debug_abbrev  0x00001a58       0xdf Middlewares/Third_Party/FreeRTOS/Source/list.o
 .debug_abbrev  0x00001b37      0x25c Middlewares/Third_Party/FreeRTOS/Source/queue.o
 .debug_abbrev  0x00001d93      0x2cf Middlewares/Third_Party/FreeRTOS/Source/tasks.o
 .debug_abbrev  0x00002062      0x21e Middlewares/Third_Party/FreeRTOS/Source/portable/GCC/ARM_CM4F/port.o
 .debug_abbrev  0x00002280      0x20d Middlewares/Third_Party/FreeRTOS/Source/portable/MemMang/heap_4.o
 .debug_abbrev  0x0000248d      0x2ec Src/main.o
 .debug_abbrev  0x00002779      0x203 Src/stm32f4xx_hal_msp.o
 .debug_abbrev  0x0000297c      0x175 Src/stm32f4xx_it.o
 .debug_abbrev  0x00002af1      0x104 Src/system_stm32f4xx.o
 .debug_abbrev  0x00002bf5       0x12 startup/startup_stm32f411xe.o

.debug_loc      0x00000000     0xaedb
 .debug_loc     0x00000000       0x92 Drivers/STM32F4xx_HAL_Driver/Src/stm32f4xx_hal.o
 .debug_loc     0x00000092      0x7ee Drivers/STM32F4xx_HAL_Driver/Src/stm32f4xx_hal_adc.o
 .debug_loc     0x00000880      0x7ac Drivers/STM32F4xx_HAL_Driver/Src/stm32f4xx_hal_adc_ex.o
 .debug_loc     0x0000102c      0x527 Drivers/STM32F4xx_HAL_Driver/Src/stm32f4xx_hal_cortex.o
 .debug_loc     0x00001553      0xa7e Drivers/STM32F4xx_HAL_Driver/Src/stm32f4xx_hal_dma.o
 .debug_loc     0x00001fd1      0x39a Drivers/STM32F4xx_HAL_Driver/Src/stm32f4xx_hal_gpio.o
 .debug_loc     0x0000236b      0x622 Drivers/STM32F4xx_HAL_Driver/Src/stm32f4xx_hal_rcc.o
 .debug_loc     0x0000298d     0x328f Drivers/STM32F4xx_HAL_Driver/Src/stm32f4xx_hal_tim.o
 .debug_loc     0x00005c1c      0xbd7 Drivers/STM32F4xx_HAL_Driver/Src/stm32f4xx_hal_tim_ex.o
 .debug_loc     0x000067f3     0x135e Drivers/STM32F4xx_HAL_Driver/Src/stm32f4xx_hal_uart.o
 .debug_loc     0x00007b51      0xecc Middlewares/Third_Party/FreeRTOS/Source/CMSIS_RTOS/cmsis_os.o
 .debug_loc     0x00008a1d       0x65 Middlewares/Third_Party/FreeRTOS/Source/list.o
 .debug_loc     0x00008a82      0xafe Middlewares/Third_Party/FreeRTOS/Source/queue.o
 .debug_loc     0x00009580     0x1309 Middlewares/Third_Party/FreeRTOS/Source/tasks.o
 .debug_loc     0x0000a889       0xbb Middlewares/Third_Party/FreeRTOS/Source/portable/GCC/ARM_CM4F/port.o
 .debug_loc     0x0000a944      0x282 Middlewares/Third_Party/FreeRTOS/Source/portable/MemMang/heap_4.o
 .debug_loc     0x0000abc6       0xd1 Src/main.o
 .debug_loc     0x0000ac97      0x112 Src/stm32f4xx_hal_msp.o
 .debug_loc     0x0000ada9      0x132 Src/system_stm32f4xx.o

.debug_aranges  0x00000000     0x1158
 .debug_aranges
                0x00000000       0xc0 Drivers/STM32F4xx_HAL_Driver/Src/stm32f4xx_hal.o
 .debug_aranges
                0x000000c0       0xe8 Drivers/STM32F4xx_HAL_Driver/Src/stm32f4xx_hal_adc.o
 .debug_aranges
                0x000001a8       0x90 Drivers/STM32F4xx_HAL_Driver/Src/stm32f4xx_hal_adc_ex.o
 .debug_aranges
                0x00000238       0x98 Drivers/STM32F4xx_HAL_Driver/Src/stm32f4xx_hal_cortex.o
 .debug_aranges
                0x000002d0       0x90 Drivers/STM32F4xx_HAL_Driver/Src/stm32f4xx_hal_dma.o
 .debug_aranges
                0x00000360       0x58 Drivers/STM32F4xx_HAL_Driver/Src/stm32f4xx_hal_gpio.o
 .debug_aranges
                0x000003b8       0x88 Drivers/STM32F4xx_HAL_Driver/Src/stm32f4xx_hal_rcc.o
 .debug_aranges
                0x00000440      0x368 Drivers/STM32F4xx_HAL_Driver/Src/stm32f4xx_hal_tim.o
 .debug_aranges
                0x000007a8      0x140 Drivers/STM32F4xx_HAL_Driver/Src/stm32f4xx_hal_tim_ex.o
 .debug_aranges
                0x000008e8      0x1d0 Drivers/STM32F4xx_HAL_Driver/Src/stm32f4xx_hal_uart.o
 .debug_aranges
                0x00000ab8      0x1b0 Middlewares/Third_Party/FreeRTOS/Source/CMSIS_RTOS/cmsis_os.o
 .debug_aranges
                0x00000c68       0x40 Middlewares/Third_Party/FreeRTOS/Source/list.o
 .debug_aranges
                0x00000ca8       0xc8 Middlewares/Third_Party/FreeRTOS/Source/queue.o
 .debug_aranges
                0x00000d70      0x188 Middlewares/Third_Party/FreeRTOS/Source/tasks.o
 .debug_aranges
                0x00000ef8       0x80 Middlewares/Third_Party/FreeRTOS/Source/portable/GCC/ARM_CM4F/port.o
 .debug_aranges
                0x00000f78       0x50 Middlewares/Third_Party/FreeRTOS/Source/portable/MemMang/heap_4.o
 .debug_aranges
                0x00000fc8       0x98 Src/main.o
 .debug_aranges
                0x00001060       0x58 Src/stm32f4xx_hal_msp.o
 .debug_aranges
                0x000010b8       0x50 Src/stm32f4xx_it.o
 .debug_aranges
                0x00001108       0x28 Src/system_stm32f4xx.o
 .debug_aranges
                0x00001130       0x28 startup/startup_stm32f411xe.o

.debug_ranges   0x00000000     0x1040
 .debug_ranges  0x00000000       0xb0 Drivers/STM32F4xx_HAL_Driver/Src/stm32f4xx_hal.o
 .debug_ranges  0x000000b0       0xd8 Drivers/STM32F4xx_HAL_Driver/Src/stm32f4xx_hal_adc.o
 .debug_ranges  0x00000188       0x80 Drivers/STM32F4xx_HAL_Driver/Src/stm32f4xx_hal_adc_ex.o
 .debug_ranges  0x00000208       0x88 Drivers/STM32F4xx_HAL_Driver/Src/stm32f4xx_hal_cortex.o
 .debug_ranges  0x00000290       0x80 Drivers/STM32F4xx_HAL_Driver/Src/stm32f4xx_hal_dma.o
 .debug_ranges  0x00000310       0x48 Drivers/STM32F4xx_HAL_Driver/Src/stm32f4xx_hal_gpio.o
 .debug_ranges  0x00000358       0x78 Drivers/STM32F4xx_HAL_Driver/Src/stm32f4xx_hal_rcc.o
 .debug_ranges  0x000003d0      0x358 Drivers/STM32F4xx_HAL_Driver/Src/stm32f4xx_hal_tim.o
 .debug_ranges  0x00000728      0x130 Drivers/STM32F4xx_HAL_Driver/Src/stm32f4xx_hal_tim_ex.o
 .debug_ranges  0x00000858      0x1c0 Drivers/STM32F4xx_HAL_Driver/Src/stm32f4xx_hal_uart.o
 .debug_ranges  0x00000a18      0x1a0 Middlewares/Third_Party/FreeRTOS/Source/CMSIS_RTOS/cmsis_os.o
 .debug_ranges  0x00000bb8       0x30 Middlewares/Third_Party/FreeRTOS/Source/list.o
 .debug_ranges  0x00000be8       0xb8 Middlewares/Third_Party/FreeRTOS/Source/queue.o
 .debug_ranges  0x00000ca0      0x1a8 Middlewares/Third_Party/FreeRTOS/Source/tasks.o
 .debug_ranges  0x00000e48       0x70 Middlewares/Third_Party/FreeRTOS/Source/portable/GCC/ARM_CM4F/port.o
 .debug_ranges  0x00000eb8       0x40 Middlewares/Third_Party/FreeRTOS/Source/portable/MemMang/heap_4.o
 .debug_ranges  0x00000ef8       0x88 Src/main.o
 .debug_ranges  0x00000f80       0x48 Src/stm32f4xx_hal_msp.o
 .debug_ranges  0x00000fc8       0x40 Src/stm32f4xx_it.o
 .debug_ranges  0x00001008       0x18 Src/system_stm32f4xx.o
 .debug_ranges  0x00001020       0x20 startup/startup_stm32f411xe.o

.debug_macro    0x00000000    0x18df2
 .debug_macro   0x00000000      0x387 Drivers/STM32F4xx_HAL_Driver/Src/stm32f4xx_hal.o
 .debug_macro   0x00000387      0x898 Drivers/STM32F4xx_HAL_Driver/Src/stm32f4xx_hal.o
 .debug_macro   0x00000c1f       0x64 Drivers/STM32F4xx_HAL_Driver/Src/stm32f4xx_hal.o
 .debug_macro   0x00000c83      0x186 Drivers/STM32F4xx_HAL_Driver/Src/stm32f4xx_hal.o
 .debug_macro   0x00000e09       0x33 Drivers/STM32F4xx_HAL_Driver/Src/stm32f4xx_hal.o
 .debug_macro   0x00000e3c       0x28 Drivers/STM32F4xx_HAL_Driver/Src/stm32f4xx_hal.o
 .debug_macro   0x00000e64       0x22 Drivers/STM32F4xx_HAL_Driver/Src/stm32f4xx_hal.o
 .debug_macro   0x00000e86       0x87 Drivers/STM32F4xx_HAL_Driver/Src/stm32f4xx_hal.o
 .debug_macro   0x00000f0d       0x44 Drivers/STM32F4xx_HAL_Driver/Src/stm32f4xx_hal.o
 .debug_macro   0x00000f51       0xfd Drivers/STM32F4xx_HAL_Driver/Src/stm32f4xx_hal.o
 .debug_macro   0x0000104e       0x5e Drivers/STM32F4xx_HAL_Driver/Src/stm32f4xx_hal.o
 .debug_macro   0x000010ac      0x1df Drivers/STM32F4xx_HAL_Driver/Src/stm32f4xx_hal.o
 .debug_macro   0x0000128b       0x35 Drivers/STM32F4xx_HAL_Driver/Src/stm32f4xx_hal.o
 .debug_macro   0x000012c0       0x50 Drivers/STM32F4xx_HAL_Driver/Src/stm32f4xx_hal.o
 .debug_macro   0x00001310      0xe66 Drivers/STM32F4xx_HAL_Driver/Src/stm32f4xx_hal.o
 .debug_macro   0x00002176     0xb857 Drivers/STM32F4xx_HAL_Driver/Src/stm32f4xx_hal.o
 .debug_macro   0x0000d9cd       0x43 Drivers/STM32F4xx_HAL_Driver/Src/stm32f4xx_hal.o
 .debug_macro   0x0000da10     0x347f Drivers/STM32F4xx_HAL_Driver/Src/stm32f4xx_hal.o
 .debug_macro   0x00010e8f       0x52 Drivers/STM32F4xx_HAL_Driver/Src/stm32f4xx_hal.o
 .debug_macro   0x00010ee1       0x35 Drivers/STM32F4xx_HAL_Driver/Src/stm32f4xx_hal.o
 .debug_macro   0x00010f16       0x9c Drivers/STM32F4xx_HAL_Driver/Src/stm32f4xx_hal.o
 .debug_macro   0x00010fb2       0x16 Drivers/STM32F4xx_HAL_Driver/Src/stm32f4xx_hal.o
 .debug_macro   0x00010fc8       0x97 Drivers/STM32F4xx_HAL_Driver/Src/stm32f4xx_hal.o
 .debug_macro   0x0001105f      0x30d Drivers/STM32F4xx_HAL_Driver/Src/stm32f4xx_hal.o
 .debug_macro   0x0001136c       0xfd Drivers/STM32F4xx_HAL_Driver/Src/stm32f4xx_hal.o
 .debug_macro   0x00011469       0x10 Drivers/STM32F4xx_HAL_Driver/Src/stm32f4xx_hal.o
 .debug_macro   0x00011479       0x52 Drivers/STM32F4xx_HAL_Driver/Src/stm32f4xx_hal.o
 .debug_macro   0x000114cb       0x1f Drivers/STM32F4xx_HAL_Driver/Src/stm32f4xx_hal.o
 .debug_macro   0x000114ea       0x43 Drivers/STM32F4xx_HAL_Driver/Src/stm32f4xx_hal.o
 .debug_macro   0x0001152d       0x20 Drivers/STM32F4xx_HAL_Driver/Src/stm32f4xx_hal.o
 .debug_macro   0x0001154d      0x187 Drivers/STM32F4xx_HAL_Driver/Src/stm32f4xx_hal.o
 .debug_macro   0x000116d4       0x10 Drivers/STM32F4xx_HAL_Driver/Src/stm32f4xx_hal.o
 .debug_macro   0x000116e4       0x1c Drivers/STM32F4xx_HAL_Driver/Src/stm32f4xx_hal.o
 .debug_macro   0x00011700       0x52 Drivers/STM32F4xx_HAL_Driver/Src/stm32f4xx_hal.o
 .debug_macro   0x00011752       0x40 Drivers/STM32F4xx_HAL_Driver/Src/stm32f4xx_hal.o
 .debug_macro   0x00011792       0x10 Drivers/STM32F4xx_HAL_Driver/Src/stm32f4xx_hal.o
 .debug_macro   0x000117a2       0x40 Drivers/STM32F4xx_HAL_Driver/Src/stm32f4xx_hal.o
 .debug_macro   0x000117e2       0xd7 Drivers/STM32F4xx_HAL_Driver/Src/stm32f4xx_hal.o
 .debug_macro   0x000118b9       0x16 Drivers/STM32F4xx_HAL_Driver/Src/stm32f4xx_hal.o
 .debug_macro   0x000118cf      0x18b Drivers/STM32F4xx_HAL_Driver/Src/stm32f4xx_hal.o
 .debug_macro   0x00011a5a       0x50 Drivers/STM32F4xx_HAL_Driver/Src/stm32f4xx_hal.o
 .debug_macro   0x00011aaa      0x45c Drivers/STM32F4xx_HAL_Driver/Src/stm32f4xx_hal.o
 .debug_macro   0x00011f06      0x9e1 Drivers/STM32F4xx_HAL_Driver/Src/stm32f4xx_hal.o
 .debug_macro   0x000128e7      0x11e Drivers/STM32F4xx_HAL_Driver/Src/stm32f4xx_hal.o
 .debug_macro   0x00012a05      0x11b Drivers/STM32F4xx_HAL_Driver/Src/stm32f4xx_hal.o
 .debug_macro   0x00012b20       0x27 Drivers/STM32F4xx_HAL_Driver/Src/stm32f4xx_hal.o
 .debug_macro   0x00012b47      0x287 Drivers/STM32F4xx_HAL_Driver/Src/stm32f4xx_hal.o
 .debug_macro   0x00012dce       0x5f Drivers/STM32F4xx_HAL_Driver/Src/stm32f4xx_hal.o
 .debug_macro   0x00012e2d      0x23a Drivers/STM32F4xx_HAL_Driver/Src/stm32f4xx_hal.o
 .debug_macro   0x00013067      0x391 Drivers/STM32F4xx_HAL_Driver/Src/stm32f4xx_hal.o
 .debug_macro   0x000133f8      0x176 Drivers/STM32F4xx_HAL_Driver/Src/stm32f4xx_hal.o
 .debug_macro   0x0001356e       0xf9 Drivers/STM32F4xx_HAL_Driver/Src/stm32f4xx_hal.o
 .debug_macro   0x00013667      0x13a Drivers/STM32F4xx_HAL_Driver/Src/stm32f4xx_hal.o
 .debug_macro   0x000137a1      0x264 Drivers/STM32F4xx_HAL_Driver/Src/stm32f4xx_hal.o
 .debug_macro   0x00013a05       0x2e Drivers/STM32F4xx_HAL_Driver/Src/stm32f4xx_hal.o
 .debug_macro   0x00013a33      0x11e Drivers/STM32F4xx_HAL_Driver/Src/stm32f4xx_hal.o
 .debug_macro   0x00013b51       0x85 Drivers/STM32F4xx_HAL_Driver/Src/stm32f4xx_hal.o
 .debug_macro   0x00013bd6       0x89 Drivers/STM32F4xx_HAL_Driver/Src/stm32f4xx_hal.o
 .debug_macro   0x00013c5f      0x6d9 Drivers/STM32F4xx_HAL_Driver/Src/stm32f4xx_hal.o
 .debug_macro   0x00014338       0x5b Drivers/STM32F4xx_HAL_Driver/Src/stm32f4xx_hal.o
 .debug_macro   0x00014393      0x14d Drivers/STM32F4xx_HAL_Driver/Src/stm32f4xx_hal.o
 .debug_macro   0x000144e0      0x287 Drivers/STM32F4xx_HAL_Driver/Src/stm32f4xx_hal.o
 .debug_macro   0x00014767      0x11e Drivers/STM32F4xx_HAL_Driver/Src/stm32f4xx_hal.o
 .debug_macro   0x00014885      0x328 Drivers/STM32F4xx_HAL_Driver/Src/stm32f4xx_hal_adc.o
 .debug_macro   0x00014bad      0x327 Drivers/STM32F4xx_HAL_Driver/Src/stm32f4xx_hal_adc_ex.o
 .debug_macro   0x00014ed4      0x327 Drivers/STM32F4xx_HAL_Driver/Src/stm32f4xx_hal_cortex.o
 .debug_macro   0x000151fb      0x32e Drivers/STM32F4xx_HAL_Driver/Src/stm32f4xx_hal_dma.o
 .debug_macro   0x00015529      0x35f Drivers/STM32F4xx_HAL_Driver/Src/stm32f4xx_hal_gpio.o
 .debug_macro   0x00015888      0x351 Drivers/STM32F4xx_HAL_Driver/Src/stm32f4xx_hal_rcc.o
 .debug_macro   0x00015bd9      0x328 Drivers/STM32F4xx_HAL_Driver/Src/stm32f4xx_hal_tim.o
 .debug_macro   0x00015f01      0x327 Drivers/STM32F4xx_HAL_Driver/Src/stm32f4xx_hal_tim_ex.o
 .debug_macro   0x00016228      0x328 Drivers/STM32F4xx_HAL_Driver/Src/stm32f4xx_hal_uart.o
 .debug_macro   0x00016550      0x1f4 Middlewares/Third_Party/FreeRTOS/Source/CMSIS_RTOS/cmsis_os.o
 .debug_macro   0x00016744       0x4c Middlewares/Third_Party/FreeRTOS/Source/CMSIS_RTOS/cmsis_os.o
 .debug_macro   0x00016790       0x8d Middlewares/Third_Party/FreeRTOS/Source/CMSIS_RTOS/cmsis_os.o
 .debug_macro   0x0001681d      0x174 Middlewares/Third_Party/FreeRTOS/Source/CMSIS_RTOS/cmsis_os.o
 .debug_macro   0x00016991       0x4a Middlewares/Third_Party/FreeRTOS/Source/CMSIS_RTOS/cmsis_os.o
 .debug_macro   0x000169db       0x10 Middlewares/Third_Party/FreeRTOS/Source/CMSIS_RTOS/cmsis_os.o
 .debug_macro   0x000169eb       0x35 Middlewares/Third_Party/FreeRTOS/Source/CMSIS_RTOS/cmsis_os.o
 .debug_macro   0x00016a20       0x16 Middlewares/Third_Party/FreeRTOS/Source/CMSIS_RTOS/cmsis_os.o
 .debug_macro   0x00016a36       0x26 Middlewares/Third_Party/FreeRTOS/Source/CMSIS_RTOS/cmsis_os.o
 .debug_macro   0x00016a5c       0xd2 Middlewares/Third_Party/FreeRTOS/Source/CMSIS_RTOS/cmsis_os.o
 .debug_macro   0x00016b2e      0x15d Middlewares/Third_Party/FreeRTOS/Source/CMSIS_RTOS/cmsis_os.o
 .debug_macro   0x00016c8b       0xdd Middlewares/Third_Party/FreeRTOS/Source/CMSIS_RTOS/cmsis_os.o
 .debug_macro   0x00016d68       0x10 Middlewares/Third_Party/FreeRTOS/Source/CMSIS_RTOS/cmsis_os.o
 .debug_macro   0x00016d78       0x1f Middlewares/Third_Party/FreeRTOS/Source/CMSIS_RTOS/cmsis_os.o
 .debug_macro   0x00016d97      0x3fb Middlewares/Third_Party/FreeRTOS/Source/CMSIS_RTOS/cmsis_os.o
 .debug_macro   0x00017192       0xc0 Middlewares/Third_Party/FreeRTOS/Source/CMSIS_RTOS/cmsis_os.o
 .debug_macro   0x00017252       0x9a Middlewares/Third_Party/FreeRTOS/Source/CMSIS_RTOS/cmsis_os.o
 .debug_macro   0x000172ec       0x91 Middlewares/Third_Party/FreeRTOS/Source/CMSIS_RTOS/cmsis_os.o
 .debug_macro   0x0001737d       0xb0 Middlewares/Third_Party/FreeRTOS/Source/CMSIS_RTOS/cmsis_os.o
 .debug_macro   0x0001742d       0x7f Middlewares/Third_Party/FreeRTOS/Source/CMSIS_RTOS/cmsis_os.o
 .debug_macro   0x000174ac       0x19 Middlewares/Third_Party/FreeRTOS/Source/CMSIS_RTOS/cmsis_os.o
 .debug_macro   0x000174c5       0xcf Middlewares/Third_Party/FreeRTOS/Source/CMSIS_RTOS/cmsis_os.o
 .debug_macro   0x00017594      0x18b Middlewares/Third_Party/FreeRTOS/Source/list.o
 .debug_macro   0x0001771f      0x207 Middlewares/Third_Party/FreeRTOS/Source/queue.o
 .debug_macro   0x00017926       0x16 Middlewares/Third_Party/FreeRTOS/Source/queue.o
 .debug_macro   0x0001793c      0x243 Middlewares/Third_Party/FreeRTOS/Source/tasks.o
 .debug_macro   0x00017b7f       0x11 Middlewares/Third_Party/FreeRTOS/Source/tasks.o
 .debug_macro   0x00017b90      0x1a6 Middlewares/Third_Party/FreeRTOS/Source/portable/GCC/ARM_CM4F/port.o
 .debug_macro   0x00017d36      0x1b2 Middlewares/Third_Party/FreeRTOS/Source/portable/MemMang/heap_4.o
 .debug_macro   0x00017ee8      0x3ec Src/main.o
 .debug_macro   0x000182d4       0xd8 Src/main.o
 .debug_macro   0x000183ac      0x327 Src/stm32f4xx_hal_msp.o
 .debug_macro   0x000186d3      0x3f2 Src/stm32f4xx_it.o
 .debug_macro   0x00018ac5      0x32d Src/system_stm32f4xx.o

.debug_line     0x00000000     0xd62b
 .debug_line    0x00000000      0x936 Drivers/STM32F4xx_HAL_Driver/Src/stm32f4xx_hal.o
 .debug_line    0x00000936      0xbe3 Drivers/STM32F4xx_HAL_Driver/Src/stm32f4xx_hal_adc.o
 .debug_line    0x00001519      0xac0 Drivers/STM32F4xx_HAL_Driver/Src/stm32f4xx_hal_adc_ex.o
 .debug_line    0x00001fd9      0x971 Drivers/STM32F4xx_HAL_Driver/Src/stm32f4xx_hal_cortex.o
 .debug_line    0x0000294a      0xab5 Drivers/STM32F4xx_HAL_Driver/Src/stm32f4xx_hal_dma.o
 .debug_line    0x000033ff      0x903 Drivers/STM32F4xx_HAL_Driver/Src/stm32f4xx_hal_gpio.o
 .debug_line    0x00003d02      0xac9 Drivers/STM32F4xx_HAL_Driver/Src/stm32f4xx_hal_rcc.o
 .debug_line    0x000047cb     0x165d Drivers/STM32F4xx_HAL_Driver/Src/stm32f4xx_hal_tim.o
 .debug_line    0x00005e28      0xd6f Drivers/STM32F4xx_HAL_Driver/Src/stm32f4xx_hal_tim_ex.o
 .debug_line    0x00006b97     0x103d Drivers/STM32F4xx_HAL_Driver/Src/stm32f4xx_hal_uart.o
 .debug_line    0x00007bd4      0xb03 Middlewares/Third_Party/FreeRTOS/Source/CMSIS_RTOS/cmsis_os.o
 .debug_line    0x000086d7      0x53b Middlewares/Third_Party/FreeRTOS/Source/list.o
 .debug_line    0x00008c12      0xa1c Middlewares/Third_Party/FreeRTOS/Source/queue.o
 .debug_line    0x0000962e      0xd96 Middlewares/Third_Party/FreeRTOS/Source/tasks.o
 .debug_line    0x0000a3c4      0x5cd Middlewares/Third_Party/FreeRTOS/Source/portable/GCC/ARM_CM4F/port.o
 .debug_line    0x0000a991      0x5fb Middlewares/Third_Party/FreeRTOS/Source/portable/MemMang/heap_4.o
 .debug_line    0x0000af8c      0xbe4 Src/main.o
 .debug_line    0x0000bb70      0x880 Src/stm32f4xx_hal_msp.o
 .debug_line    0x0000c3f0      0x9f7 Src/stm32f4xx_it.o
 .debug_line    0x0000cde7      0x7c5 Src/system_stm32f4xx.o
 .debug_line    0x0000d5ac       0x7f startup/startup_stm32f411xe.o

.debug_str      0x00000000    0x93b5c
 .debug_str     0x00000000    0x8853f Drivers/STM32F4xx_HAL_Driver/Src/stm32f4xx_hal.o
                              0x888c2 (size before relaxing)
 .debug_str     0x0008853f      0x663 Drivers/STM32F4xx_HAL_Driver/Src/stm32f4xx_hal_adc.o
                              0x88517 (size before relaxing)
 .debug_str     0x00088ba2      0x2df Drivers/STM32F4xx_HAL_Driver/Src/stm32f4xx_hal_adc_ex.o
                              0x88566 (size before relaxing)
 .debug_str     0x00088e81      0x36e Drivers/STM32F4xx_HAL_Driver/Src/stm32f4xx_hal_cortex.o
                              0x88649 (size before relaxing)
 .debug_str     0x000891ef      0x30f Drivers/STM32F4xx_HAL_Driver/Src/stm32f4xx_hal_dma.o
                              0x88368 (size before relaxing)
 .debug_str     0x000894fe      0x2e7 Drivers/STM32F4xx_HAL_Driver/Src/stm32f4xx_hal_gpio.o
                              0x881dd (size before relaxing)
 .debug_str     0x000897e5      0x39d Drivers/STM32F4xx_HAL_Driver/Src/stm32f4xx_hal_rcc.o
                              0x8837b (size before relaxing)
 .debug_str     0x00089b82      0xe6b Drivers/STM32F4xx_HAL_Driver/Src/stm32f4xx_hal_tim.o
                              0x88f61 (size before relaxing)
 .debug_str     0x0008a9ed      0x4ec Drivers/STM32F4xx_HAL_Driver/Src/stm32f4xx_hal_tim_ex.o
                              0x88819 (size before relaxing)
 .debug_str     0x0008aed9      0x6e1 Drivers/STM32F4xx_HAL_Driver/Src/stm32f4xx_hal_uart.o
                              0x887b0 (size before relaxing)
 .debug_str     0x0008b5ba     0x61bf Middlewares/Third_Party/FreeRTOS/Source/CMSIS_RTOS/cmsis_os.o
                               0xc2bd (size before relaxing)
 .debug_str     0x00091779      0x22a Middlewares/Third_Party/FreeRTOS/Source/list.o
                               0x9085 (size before relaxing)
 .debug_str     0x000919a3      0x6e3 Middlewares/Third_Party/FreeRTOS/Source/queue.o
                               0xaa20 (size before relaxing)
 .debug_str     0x00092086      0xd38 Middlewares/Third_Party/FreeRTOS/Source/tasks.o
                               0xb0dc (size before relaxing)
 .debug_str     0x00092dbe      0x744 Middlewares/Third_Party/FreeRTOS/Source/portable/GCC/ARM_CM4F/port.o
                               0x7804 (size before relaxing)
 .debug_str     0x00093502      0x243 Middlewares/Third_Party/FreeRTOS/Source/portable/MemMang/heap_4.o
                               0x9977 (size before relaxing)
 .debug_str     0x00093745      0x2e8 Src/main.o
                              0x8eb15 (size before relaxing)
 .debug_str     0x00093a2d       0x25 Src/stm32f4xx_hal_msp.o
                              0x88b59 (size before relaxing)
 .debug_str     0x00093a52       0xa2 Src/stm32f4xx_it.o
                              0x8dd44 (size before relaxing)
 .debug_str     0x00093af4       0x68 Src/system_stm32f4xx.o
                              0x87f65 (size before relaxing)

.comment        0x00000000       0x6e
 .comment       0x00000000       0x6e Drivers/STM32F4xx_HAL_Driver/Src/stm32f4xx_hal.o
                                 0x6f (size before relaxing)
 .comment       0x0000006e       0x6f Drivers/STM32F4xx_HAL_Driver/Src/stm32f4xx_hal_adc.o
 .comment       0x0000006e       0x6f Drivers/STM32F4xx_HAL_Driver/Src/stm32f4xx_hal_adc_ex.o
 .comment       0x0000006e       0x6f Drivers/STM32F4xx_HAL_Driver/Src/stm32f4xx_hal_cortex.o
 .comment       0x0000006e       0x6f Drivers/STM32F4xx_HAL_Driver/Src/stm32f4xx_hal_dma.o
 .comment       0x0000006e       0x6f Drivers/STM32F4xx_HAL_Driver/Src/stm32f4xx_hal_gpio.o
 .comment       0x0000006e       0x6f Drivers/STM32F4xx_HAL_Driver/Src/stm32f4xx_hal_rcc.o
 .comment       0x0000006e       0x6f Drivers/STM32F4xx_HAL_Driver/Src/stm32f4xx_hal_tim.o
 .comment       0x0000006e       0x6f Drivers/STM32F4xx_HAL_Driver/Src/stm32f4xx_hal_tim_ex.o
 .comment       0x0000006e       0x6f Drivers/STM32F4xx_HAL_Driver/Src/stm32f4xx_hal_uart.o
 .comment       0x0000006e       0x6f Middlewares/Third_Party/FreeRTOS/Source/CMSIS_RTOS/cmsis_os.o
 .comment       0x0000006e       0x6f Middlewares/Third_Party/FreeRTOS/Source/list.o
 .comment       0x0000006e       0x6f Middlewares/Third_Party/FreeRTOS/Source/queue.o
 .comment       0x0000006e       0x6f Middlewares/Third_Party/FreeRTOS/Source/tasks.o
 .comment       0x0000006e       0x6f Middlewares/Third_Party/FreeRTOS/Source/portable/GCC/ARM_CM4F/port.o
 .comment       0x0000006e       0x6f Middlewares/Third_Party/FreeRTOS/Source/portable/MemMang/heap_4.o
 .comment       0x0000006e       0x6f Src/main.o
 .comment       0x0000006e       0x6f Src/stm32f4xx_hal_msp.o
 .comment       0x0000006e       0x6f Src/stm32f4xx_it.o
 .comment       0x0000006e       0x6f Src/system_stm32f4xx.o

.debug_frame    0x00000000     0x2ec4
 .debug_frame   0x00000000      0x188 Drivers/STM32F4xx_HAL_Driver/Src/stm32f4xx_hal.o
 .debug_frame   0x00000188      0x25c Drivers/STM32F4xx_HAL_Driver/Src/stm32f4xx_hal_adc.o
 .debug_frame   0x000003e4      0x188 Drivers/STM32F4xx_HAL_Driver/Src/stm32f4xx_hal_adc_ex.o
 .debug_frame   0x0000056c      0x134 Drivers/STM32F4xx_HAL_Driver/Src/stm32f4xx_hal_cortex.o
 .debug_frame   0x000006a0      0x184 Drivers/STM32F4xx_HAL_Driver/Src/stm32f4xx_hal_dma.o
 .debug_frame   0x00000824       0xc4 Drivers/STM32F4xx_HAL_Driver/Src/stm32f4xx_hal_gpio.o
 .debug_frame   0x000008e8      0x150 Drivers/STM32F4xx_HAL_Driver/Src/stm32f4xx_hal_rcc.o
 .debug_frame   0x00000a38      0x9cc Drivers/STM32F4xx_HAL_Driver/Src/stm32f4xx_hal_tim.o
 .debug_frame   0x00001404      0x3c8 Drivers/STM32F4xx_HAL_Driver/Src/stm32f4xx_hal_tim_ex.o
 .debug_frame   0x000017cc      0x4e4 Drivers/STM32F4xx_HAL_Driver/Src/stm32f4xx_hal_uart.o
 .debug_frame   0x00001cb0      0x4fc Middlewares/Third_Party/FreeRTOS/Source/CMSIS_RTOS/cmsis_os.o
 .debug_frame   0x000021ac       0x6c Middlewares/Third_Party/FreeRTOS/Source/list.o
 .debug_frame   0x00002218      0x240 Middlewares/Third_Party/FreeRTOS/Source/queue.o
 .debug_frame   0x00002458      0x4c0 Middlewares/Third_Party/FreeRTOS/Source/tasks.o
 .debug_frame   0x00002918       0xf0 Middlewares/Third_Party/FreeRTOS/Source/portable/GCC/ARM_CM4F/port.o
 .debug_frame   0x00002a08       0xac Middlewares/Third_Party/FreeRTOS/Source/portable/MemMang/heap_4.o
 .debug_frame   0x00002ab4      0x1cc Src/main.o
 .debug_frame   0x00002c80      0x108 Src/stm32f4xx_hal_msp.o
 .debug_frame   0x00002d88       0xb8 Src/stm32f4xx_it.o
 .debug_frame   0x00002e40       0x30 Src/system_stm32f4xx.o
 .debug_frame   0x00002e70       0x2c c:/st/eclipse/plugins/fr.ac6.mcu.externaltools.arm-none.win32_1.13.2.201703061525/tools/compiler/bin/../lib/gcc/arm-none-eabi/5.4.1/../../../../arm-none-eabi/lib/armv7e-m/fpu\libc_nano.a(lib_a-init.o)
 .debug_frame   0x00002e9c       0x28 c:/st/eclipse/plugins/fr.ac6.mcu.externaltools.arm-none.win32_1.13.2.201703061525/tools/compiler/bin/../lib/gcc/arm-none-eabi/5.4.1/../../../../arm-none-eabi/lib/armv7e-m/fpu\libc_nano.a(lib_a-memcpy-stub.o)
